Archive member included to satisfy reference by file (symbol)

/usr/lib/gcc/arm-none-eabi/9.2.1/../../../arm-none-eabi/lib/thumb/v7e-m+fp/hard/libc_nano.a(lib_a-assert.o)
                              build/ibus.o (__assert_func)
/usr/lib/gcc/arm-none-eabi/9.2.1/../../../arm-none-eabi/lib/thumb/v7e-m+fp/hard/libc_nano.a(lib_a-atexit.o)
                              /usr/lib/gcc/arm-none-eabi/9.2.1/../../../arm-none-eabi/lib/thumb/v7e-m+fp/hard/crt0.o (atexit)
/usr/lib/gcc/arm-none-eabi/9.2.1/../../../arm-none-eabi/lib/thumb/v7e-m+fp/hard/libc_nano.a(lib_a-exit.o)
                              /usr/lib/gcc/arm-none-eabi/9.2.1/../../../arm-none-eabi/lib/thumb/v7e-m+fp/hard/crt0.o (exit)
/usr/lib/gcc/arm-none-eabi/9.2.1/../../../arm-none-eabi/lib/thumb/v7e-m+fp/hard/libc_nano.a(lib_a-fini.o)
                              /usr/lib/gcc/arm-none-eabi/9.2.1/../../../arm-none-eabi/lib/thumb/v7e-m+fp/hard/crt0.o (__libc_fini_array)
/usr/lib/gcc/arm-none-eabi/9.2.1/../../../arm-none-eabi/lib/thumb/v7e-m+fp/hard/libc_nano.a(lib_a-fprintf.o)
                              /usr/lib/gcc/arm-none-eabi/9.2.1/../../../arm-none-eabi/lib/thumb/v7e-m+fp/hard/libc_nano.a(lib_a-assert.o) (fiprintf)
/usr/lib/gcc/arm-none-eabi/9.2.1/../../../arm-none-eabi/lib/thumb/v7e-m+fp/hard/libc_nano.a(lib_a-impure.o)
                              /usr/lib/gcc/arm-none-eabi/9.2.1/../../../arm-none-eabi/lib/thumb/v7e-m+fp/hard/libc_nano.a(lib_a-exit.o) (_global_impure_ptr)
/usr/lib/gcc/arm-none-eabi/9.2.1/../../../arm-none-eabi/lib/thumb/v7e-m+fp/hard/libc_nano.a(lib_a-init.o)
                              /usr/lib/gcc/arm-none-eabi/9.2.1/../../../arm-none-eabi/lib/thumb/v7e-m+fp/hard/crt0.o (__libc_init_array)
/usr/lib/gcc/arm-none-eabi/9.2.1/../../../arm-none-eabi/lib/thumb/v7e-m+fp/hard/libc_nano.a(lib_a-memset.o)
                              /usr/lib/gcc/arm-none-eabi/9.2.1/../../../arm-none-eabi/lib/thumb/v7e-m+fp/hard/crt0.o (memset)
/usr/lib/gcc/arm-none-eabi/9.2.1/../../../arm-none-eabi/lib/thumb/v7e-m+fp/hard/libc_nano.a(lib_a-nano-vfprintf.o)
                              /usr/lib/gcc/arm-none-eabi/9.2.1/../../../arm-none-eabi/lib/thumb/v7e-m+fp/hard/libc_nano.a(lib_a-fprintf.o) (_vfprintf_r)
/usr/lib/gcc/arm-none-eabi/9.2.1/../../../arm-none-eabi/lib/thumb/v7e-m+fp/hard/libc_nano.a(lib_a-nano-vfprintf_i.o)
                              /usr/lib/gcc/arm-none-eabi/9.2.1/../../../arm-none-eabi/lib/thumb/v7e-m+fp/hard/libc_nano.a(lib_a-nano-vfprintf.o) (_printf_i)
/usr/lib/gcc/arm-none-eabi/9.2.1/../../../arm-none-eabi/lib/thumb/v7e-m+fp/hard/libc_nano.a(lib_a-printf.o)
                              build/usart.o (printf)
/usr/lib/gcc/arm-none-eabi/9.2.1/../../../arm-none-eabi/lib/thumb/v7e-m+fp/hard/libc_nano.a(lib_a-puts.o)
                              build/main.o (puts)
/usr/lib/gcc/arm-none-eabi/9.2.1/../../../arm-none-eabi/lib/thumb/v7e-m+fp/hard/libc_nano.a(lib_a-wbuf.o)
                              /usr/lib/gcc/arm-none-eabi/9.2.1/../../../arm-none-eabi/lib/thumb/v7e-m+fp/hard/libc_nano.a(lib_a-nano-vfprintf.o) (__swbuf_r)
/usr/lib/gcc/arm-none-eabi/9.2.1/../../../arm-none-eabi/lib/thumb/v7e-m+fp/hard/libc_nano.a(lib_a-wsetup.o)
                              /usr/lib/gcc/arm-none-eabi/9.2.1/../../../arm-none-eabi/lib/thumb/v7e-m+fp/hard/libc_nano.a(lib_a-nano-vfprintf.o) (__swsetup_r)
/usr/lib/gcc/arm-none-eabi/9.2.1/../../../arm-none-eabi/lib/thumb/v7e-m+fp/hard/libc_nano.a(lib_a-__atexit.o)
                              /usr/lib/gcc/arm-none-eabi/9.2.1/../../../arm-none-eabi/lib/thumb/v7e-m+fp/hard/libc_nano.a(lib_a-atexit.o) (__register_exitproc)
/usr/lib/gcc/arm-none-eabi/9.2.1/../../../arm-none-eabi/lib/thumb/v7e-m+fp/hard/libc_nano.a(lib_a-__call_atexit.o)
                              /usr/lib/gcc/arm-none-eabi/9.2.1/../../../arm-none-eabi/lib/thumb/v7e-m+fp/hard/libc_nano.a(lib_a-__atexit.o) (__call_exitprocs)
/usr/lib/gcc/arm-none-eabi/9.2.1/../../../arm-none-eabi/lib/thumb/v7e-m+fp/hard/libc_nano.a(lib_a-abort.o)
                              /usr/lib/gcc/arm-none-eabi/9.2.1/../../../arm-none-eabi/lib/thumb/v7e-m+fp/hard/libc_nano.a(lib_a-assert.o) (abort)
/usr/lib/gcc/arm-none-eabi/9.2.1/../../../arm-none-eabi/lib/thumb/v7e-m+fp/hard/libc_nano.a(lib_a-fflush.o)
                              /usr/lib/gcc/arm-none-eabi/9.2.1/../../../arm-none-eabi/lib/thumb/v7e-m+fp/hard/libc_nano.a(lib_a-wbuf.o) (_fflush_r)
/usr/lib/gcc/arm-none-eabi/9.2.1/../../../arm-none-eabi/lib/thumb/v7e-m+fp/hard/libc_nano.a(lib_a-findfp.o)
                              /usr/lib/gcc/arm-none-eabi/9.2.1/../../../arm-none-eabi/lib/thumb/v7e-m+fp/hard/libc_nano.a(lib_a-nano-vfprintf.o) (__sinit)
/usr/lib/gcc/arm-none-eabi/9.2.1/../../../arm-none-eabi/lib/thumb/v7e-m+fp/hard/libc_nano.a(lib_a-fvwrite.o)
                              /usr/lib/gcc/arm-none-eabi/9.2.1/../../../arm-none-eabi/lib/thumb/v7e-m+fp/hard/libc_nano.a(lib_a-nano-vfprintf.o) (__sfvwrite_r)
[...]
Memory Configuration

Name             Origin             Length             Attributes
RAM              0x0000000020000000 0x0000000000010000 xrw
CCMRAM           0x0000000010000000 0x0000000000004000 rw
FLASH            0x0000000008000000 0x0000000000060000 xr
*default*        0x0000000000000000 0xffffffffffffffff

Linker script and memory map

LOAD /usr/lib/gcc/arm-none-eabi/9.2.1/thumb/v7e-m+fp/hard/crti.o
LOAD /usr/lib/gcc/arm-none-eabi/9.2.1/thumb/v7e-m+fp/hard/crtbegin.o
LOAD /usr/lib/gcc/arm-none-eabi/9.2.1/../../../arm-none-eabi/lib/thumb/v7e-m+fp/hard/crt0.o
LOAD build/main.o
LOAD build/stm32f3xx_it.o
LOAD build/stm32f3xx_hal_msp.o
LOAD build/stm32f3xx_hal_tim.o
LOAD build/stm32f3xx_hal_tim_ex.o
LOAD build/stm32f3xx_hal_uart.o
LOAD build/stm32f3xx_hal_uart_ex.o
LOAD build/stm32f3xx_hal.o
LOAD build/stm32f3xx_hal_rcc.o
LOAD build/stm32f3xx_hal_rcc_ex.o
LOAD build/stm32f3xx_hal_gpio.o
LOAD build/stm32f3xx_hal_dma.o
LOAD build/stm32f3xx_hal_cortex.o
LOAD build/stm32f3xx_hal_pwr.o
LOAD build/stm32f3xx_hal_pwr_ex.o
LOAD build/stm32f3xx_hal_flash.o
LOAD build/stm32f3xx_hal_flash_ex.o
LOAD build/stm32f3xx_hal_i2c.o
LOAD build/stm32f3xx_hal_i2c_ex.o
LOAD build/system_stm32f3xx.o
LOAD build/gpio.o
LOAD build/tim.o
LOAD build/usart.o
LOAD build/ibus.o
LOAD build/ibus_stm32.o
LOAD build/tfmini.o
LOAD build/tfmini_stm32.o
LOAD build/dma.o
LOAD build/failsafe.o
LOAD build/startup_stm32f303xe.o
LOAD /usr/lib/gcc/arm-none-eabi/9.2.1/../../../arm-none-eabi/lib/thumb/v7e-m+fp/hard/libc_nano.a
LOAD /usr/lib/gcc/arm-none-eabi/9.2.1/../../../arm-none-eabi/lib/thumb/v7e-m+fp/hard/libm.a
LOAD /usr/lib/gcc/arm-none-eabi/9.2.1/../../../arm-none-eabi/lib/thumb/v7e-m+fp/hard/libnosys.a
START GROUP
LOAD /usr/lib/gcc/arm-none-eabi/9.2.1/thumb/v7e-m+fp/hard/libgcc.a
LOAD /usr/lib/gcc/arm-none-eabi/9.2.1/../../../arm-none-eabi/lib/thumb/v7e-m+fp/hard/libc_nano.a
END GROUP
START GROUP
LOAD /usr/lib/gcc/arm-none-eabi/9.2.1/thumb/v7e-m+fp/hard/libgcc.a
LOAD /usr/lib/gcc/arm-none-eabi/9.2.1/../../../arm-none-eabi/lib/thumb/v7e-m+fp/hard/libc_nano.a
END GROUP
LOAD /usr/lib/gcc/arm-none-eabi/9.2.1/thumb/v7e-m+fp/hard/crtend.o
LOAD /usr/lib/gcc/arm-none-eabi/9.2.1/thumb/v7e-m+fp/hard/crtn.o
                0x0000000020010000                _estack = 0x20010000
                0x0000000000000200                _Min_Heap_Size = 0x200
                0x0000000000000400                _Min_Stack_Size = 0x400

.isr_vector     0x0000000008000000      0x194
                0x0000000008000000                . = ALIGN (0x4)
 *(.isr_vector)
 .isr_vector    0x0000000008000000      0x194 build/startup_stm32f303xe.o
                0x0000000008000000                g_pfnVectors
                0x0000000008000194                . = ALIGN (0x4)

.text           0x00000000080001a0     0x5d18
                0x00000000080001a0                . = ALIGN (0x4)
 *(.text)
 .text          0x00000000080001a0       0x88 /usr/lib/gcc/arm-none-eabi/9.2.1/thumb/v7e-m+fp/hard/crtbegin.o
 .text          0x0000000008000228       0x48 /usr/lib/gcc/arm-none-eabi/9.2.1/../../../arm-none-eabi/lib/thumb/v7e-m+fp/hard/libc_nano.a(lib_a-assert.o)
                0x0000000008000228                __assert_func
                0x0000000008000264                __assert
 .text          0x0000000008000270       0x44 /usr/lib/gcc/arm-none-eabi/9.2.1/../../../arm-none-eabi/lib/thumb/v7e-m+fp/hard/libc_nano.a(lib_a-fprintf.o)
                0x0000000008000270                _fprintf_r
                0x0000000008000270                _fiprintf_r
                0x000000000800028c                fprintf
                0x000000000800028c                fiprintf
 .text          0x00000000080002b4       0x48 /usr/lib/gcc/arm-none-eabi/9.2.1/../../../arm-none-eabi/lib/thumb/v7e-m+fp/hard/libc_nano.a(lib_a-init.o)
                0x00000000080002b4                __libc_init_array
 .text          0x00000000080002fc       0xa0 /usr/lib/gcc/arm-none-eabi/9.2.1/../../../arm-none-eabi/lib/thumb/v7e-m+fp/hard/libc_nano.a(lib_a-memset.o)
                0x00000000080002fc                memset
 .text          0x000000000800039c      0x364 /usr/lib/gcc/arm-none-eabi/9.2.1/../../../arm-none-eabi/lib/thumb/v7e-m+fp/hard/libc_nano.a(lib_a-nano-vfprintf.o)
                0x00000000080003d8                __sfputs_r
                0x0000000008000408                __sprint_r
                0x0000000008000424                _vfiprintf_r
                0x0000000008000424                _vfprintf_r
                0x00000000080006e8                vfiprintf
                0x00000000080006e8                vfprintf
 .text          0x0000000008000700      0x3c4 /usr/lib/gcc/arm-none-eabi/9.2.1/../../../arm-none-eabi/lib/thumb/v7e-m+fp/hard/libc_nano.a(lib_a-nano-vfprintf_i.o)
                0x0000000008000700                _printf_common
                0x000000000800082c                _printf_i
 .text          0x0000000008000ac4       0x68 /usr/lib/gcc/arm-none-eabi/9.2.1/../../../arm-none-eabi/lib/thumb/v7e-m+fp/hard/libc_nano.a(lib_a-printf.o)
                0x0000000008000ac4                _printf_r
                0x0000000008000ac4                _iprintf_r
                0x0000000008000af4                printf
                0x0000000008000af4                iprintf
 .text          0x0000000008000b2c       0xe8 /usr/lib/gcc/arm-none-eabi/9.2.1/../../../arm-none-eabi/lib/thumb/v7e-m+fp/hard/libc_nano.a(lib_a-puts.o)
                0x0000000008000b2c                _puts_r
                0x0000000008000c04                puts
 .text          0x0000000008000c14       0xc0 /usr/lib/gcc/arm-none-eabi/9.2.1/../../../arm-none-eabi/lib/thumb/v7e-m+fp/hard/libc_nano.a(lib_a-wbuf.o)
                0x0000000008000c14                __swbuf_r
                0x0000000008000cc4                __swbuf
 .text          0x0000000008000cd4      0x100 /usr/lib/gcc/arm-none-eabi/9.2.1/../../../arm-none-eabi/lib/thumb/v7e-m+fp/hard/libc_nano.a(lib_a-wsetup.o)
                0x0000000008000cd4                __swsetup_r
 .text          0x0000000008000dd4       0x10 /usr/lib/gcc/arm-none-eabi/9.2.1/../../../arm-none-eabi/lib/thumb/v7e-m+fp/hard/libc_nano.a(lib_a-abort.o)
                0x0000000008000dd4                abort
 .text          0x0000000008000de4      0x1b0 /usr/lib/gcc/arm-none-eabi/9.2.1/../../../arm-none-eabi/lib/thumb/v7e-m+fp/hard/libc_nano.a(lib_a-fflush.o)
                0x0000000008000de4                __sflush_r
                0x0000000008000f10                _fflush_r
                0x0000000008000f70                fflush
 .text          0x0000000008000f94      0x210 /usr/lib/gcc/arm-none-eabi/9.2.1/../../../arm-none-eabi/lib/thumb/v7e-m+fp/hard/libc_nano.a(lib_a-findfp.o)
                0x0000000008000f98                _cleanup_r
                0x0000000008000fa8                __sfmoreglue
                0x0000000008000fd8                __sfp
                0x0000000008001150                _cleanup
                0x0000000008001164                __sinit
                0x000000000800116c                __sfp_lock_acquire
                0x0000000008001170                __sfp_lock_release
                0x0000000008001174                __sinit_lock_acquire
                0x0000000008001178                __sinit_lock_release
                0x000000000800117c                __fp_lock_all
                0x0000000008001190                __fp_unlock_all
 .text          0x00000000080011a4      0x308 /usr/lib/gcc/arm-none-eabi/9.2.1/../../../arm-none-eabi/lib/thumb/v7e-m+fp/hard/libc_nano.a(lib_a-fvwrite.o)
                0x00000000080011a4                __sfvwrite_r
 .text          0x00000000080014ac       0xa0 /usr/lib/gcc/arm-none-eabi/9.2.1/../../../arm-none-eabi/lib/thumb/v7e-m+fp/hard/libc_nano.a(lib_a-fwalk.o)
                0x00000000080014ac                _fwalk
                0x00000000080014f8                _fwalk_reent
 .text          0x000000000800154c       0xf0 /usr/lib/gcc/arm-none-eabi/9.2.1/../../../arm-none-eabi/lib/thumb/v7e-m+fp/hard/libc_nano.a(lib_a-makebuf.o)
                0x000000000800154c                __swhatbuf_r
                0x00000000080015a8                __smakebuf_r
 *fill*         0x000000000800163c        0x4 
 .text          0x0000000008001640       0xa0 /usr/lib/gcc/arm-none-eabi/9.2.1/../../../arm-none-eabi/lib/thumb/v7e-m+fp/hard/libc_nano.a(lib_a-memchr.o)
                0x0000000008001640                memchr
 .text          0x00000000080016e0      0x134 /usr/lib/gcc/arm-none-eabi/9.2.1/../../../arm-none-eabi/lib/thumb/v7e-m+fp/hard/libc_nano.a(lib_a-memcpy.o)
                0x00000000080016e0                memcpy
 .text          0x0000000008001814       0xd0 /usr/lib/gcc/arm-none-eabi/9.2.1/../../../arm-none-eabi/lib/thumb/v7e-m+fp/hard/libc_nano.a(lib_a-memmove.o)
                0x0000000008001814                memmove
 .text          0x00000000080018e4       0xac /usr/lib/gcc/arm-none-eabi/9.2.1/../../../arm-none-eabi/lib/thumb/v7e-m+fp/hard/libc_nano.a(lib_a-nano-freer.o)
                0x00000000080018e4                _free_r
 .text          0x0000000008001990       0xc8 /usr/lib/gcc/arm-none-eabi/9.2.1/../../../arm-none-eabi/lib/thumb/v7e-m+fp/hard/libc_nano.a(lib_a-nano-mallocr.o)
                0x0000000008001990                _malloc_r
 .text          0x0000000008001a58       0x4c /usr/lib/gcc/arm-none-eabi/9.2.1/../../../arm-none-eabi/lib/thumb/v7e-m+fp/hard/libc_nano.a(lib_a-nano-reallocr.o)
                0x0000000008001a58                _realloc_r
 .text          0x0000000008001aa4       0x24 /usr/lib/gcc/arm-none-eabi/9.2.1/../../../arm-none-eabi/lib/thumb/v7e-m+fp/hard/libc_nano.a(lib_a-sbrkr.o)
                0x0000000008001aa4                _sbrk_r
 .text          0x0000000008001ac8      0x150 /usr/lib/gcc/arm-none-eabi/9.2.1/../../../arm-none-eabi/lib/thumb/v7e-m+fp/hard/libc_nano.a(lib_a-signal.o)
                0x0000000008001af0                _init_signal_r
                0x0000000008001afc                _signal_r
                0x0000000008001b30                _raise_r
                0x0000000008001b84                __sigtramp_r
                0x0000000008001bd4                raise
                0x0000000008001be4                signal
                0x0000000008001bf4                _init_signal
                0x0000000008001c08                __sigtramp
 .text          0x0000000008001c18       0x2c /usr/lib/gcc/arm-none-eabi/9.2.1/../../../arm-none-eabi/lib/thumb/v7e-m+fp/hard/libc_nano.a(lib_a-signalr.o)
                0x0000000008001c18                _kill_r
                0x0000000008001c40                _getpid_r
 .text          0x0000000008001c44       0x90 /usr/lib/gcc/arm-none-eabi/9.2.1/../../../arm-none-eabi/lib/thumb/v7e-m+fp/hard/libc_nano.a(lib_a-stdio.o)
                0x0000000008001c44                __sread
                0x0000000008001c68                __seofread
                0x0000000008001c6c                __swrite
                0x0000000008001cac                __sseek
                0x0000000008001ccc                __sclose
 .text          0x0000000008001cd4       0x2c /usr/lib/gcc/arm-none-eabi/9.2.1/../../../arm-none-eabi/lib/thumb/v7e-m+fp/hard/libc_nano.a(lib_a-writer.o)
                0x0000000008001cd4                _write_r
 .text          0x0000000008001d00       0x24 /usr/lib/gcc/arm-none-eabi/9.2.1/../../../arm-none-eabi/lib/thumb/v7e-m+fp/hard/libc_nano.a(lib_a-closer.o)
                0x0000000008001d00                _close_r
 .text          0x0000000008001d24       0x28 /usr/lib/gcc/arm-none-eabi/9.2.1/../../../arm-none-eabi/lib/thumb/v7e-m+fp/hard/libc_nano.a(lib_a-fstatr.o)
                0x0000000008001d24                _fstat_r
 .text          0x0000000008001d4c       0x24 /usr/lib/gcc/arm-none-eabi/9.2.1/../../../arm-none-eabi/lib/thumb/v7e-m+fp/hard/libc_nano.a(lib_a-isattyr.o)
                0x0000000008001d4c                _isatty_r
 .text          0x0000000008001d70       0x2c /usr/lib/gcc/arm-none-eabi/9.2.1/../../../arm-none-eabi/lib/thumb/v7e-m+fp/hard/libc_nano.a(lib_a-lseekr.o)
                0x0000000008001d70                _lseek_r
 .text          0x0000000008001d9c        0x8 /usr/lib/gcc/arm-none-eabi/9.2.1/../../../arm-none-eabi/lib/thumb/v7e-m+fp/hard/libc_nano.a(lib_a-mlock.o)
                0x0000000008001d9c                __malloc_lock
                0x0000000008001da0                __malloc_unlock
 .text          0x0000000008001da4       0x10 /usr/lib/gcc/arm-none-eabi/9.2.1/../../../arm-none-eabi/lib/thumb/v7e-m+fp/hard/libc_nano.a(lib_a-nano-msizer.o)
                0x0000000008001da4                _malloc_usable_size_r
 .text          0x0000000008001db4       0x2c /usr/lib/gcc/arm-none-eabi/9.2.1/../../../arm-none-eabi/lib/thumb/v7e-m+fp/hard/libc_nano.a(lib_a-readr.o)
                0x0000000008001db4                _read_r
 .text          0x0000000008001de0       0x90 /usr/lib/gcc/arm-none-eabi/9.2.1/../../../arm-none-eabi/lib/thumb/v7e-m+fp/hard/libm.a(lib_a-sf_cos.o)
                0x0000000008001de0                cosf
 .text          0x0000000008001e70      0x298 /usr/lib/gcc/arm-none-eabi/9.2.1/../../../arm-none-eabi/lib/thumb/v7e-m+fp/hard/libm.a(lib_a-ef_rem_pio2.o)
                0x0000000008001e70                __ieee754_rem_pio2f
 .text          0x0000000008002108      0x104 /usr/lib/gcc/arm-none-eabi/9.2.1/../../../arm-none-eabi/lib/thumb/v7e-m+fp/hard/libm.a(lib_a-kf_cos.o)
                0x0000000008002108                __kernel_cosf
 .text          0x000000000800220c      0x664 /usr/lib/gcc/arm-none-eabi/9.2.1/../../../arm-none-eabi/lib/thumb/v7e-m+fp/hard/libm.a(lib_a-kf_rem_pio2.o)
                0x000000000800220c                __kernel_rem_pio2f
 .text          0x0000000008002870       0x90 /usr/lib/gcc/arm-none-eabi/9.2.1/../../../arm-none-eabi/lib/thumb/v7e-m+fp/hard/libm.a(lib_a-kf_sin.o)
                0x0000000008002870                __kernel_sinf
 .text          0x0000000008002900       0x10 /usr/lib/gcc/arm-none-eabi/9.2.1/../../../arm-none-eabi/lib/thumb/v7e-m+fp/hard/libm.a(lib_a-sf_fabs.o)
                0x0000000008002900                fabsf
 .text          0x0000000008002910       0x88 /usr/lib/gcc/arm-none-eabi/9.2.1/../../../arm-none-eabi/lib/thumb/v7e-m+fp/hard/libm.a(lib_a-sf_floor.o)
                0x0000000008002910                floorf
 .text          0x0000000008002998       0xe4 /usr/lib/gcc/arm-none-eabi/9.2.1/../../../arm-none-eabi/lib/thumb/v7e-m+fp/hard/libm.a(lib_a-sf_scalbn.o)
                0x0000000008002998                scalbnf
 .text          0x0000000008002a7c       0x10 /usr/lib/gcc/arm-none-eabi/9.2.1/../../../arm-none-eabi/lib/thumb/v7e-m+fp/hard/libnosys.a(close.o)
                0x0000000008002a7c                _close
 .text          0x0000000008002a8c       0x10 /usr/lib/gcc/arm-none-eabi/9.2.1/../../../arm-none-eabi/lib/thumb/v7e-m+fp/hard/libnosys.a(fstat.o)
                0x0000000008002a8c                _fstat
 .text          0x0000000008002a9c       0x10 /usr/lib/gcc/arm-none-eabi/9.2.1/../../../arm-none-eabi/lib/thumb/v7e-m+fp/hard/libnosys.a(getpid.o)
                0x0000000008002a9c                _getpid
 .text          0x0000000008002aac       0x10 /usr/lib/gcc/arm-none-eabi/9.2.1/../../../arm-none-eabi/lib/thumb/v7e-m+fp/hard/libnosys.a(isatty.o)
                0x0000000008002aac                _isatty
 .text          0x0000000008002abc       0x10 /usr/lib/gcc/arm-none-eabi/9.2.1/../../../arm-none-eabi/lib/thumb/v7e-m+fp/hard/libnosys.a(kill.o)
                0x0000000008002abc                _kill
 .text          0x0000000008002acc       0x10 /usr/lib/gcc/arm-none-eabi/9.2.1/../../../arm-none-eabi/lib/thumb/v7e-m+fp/hard/libnosys.a(lseek.o)
                0x0000000008002acc                _lseek
 .text          0x0000000008002adc       0x10 /usr/lib/gcc/arm-none-eabi/9.2.1/../../../arm-none-eabi/lib/thumb/v7e-m+fp/hard/libnosys.a(read.o)
                0x0000000008002adc                _read
 .text          0x0000000008002aec       0x1c /usr/lib/gcc/arm-none-eabi/9.2.1/../../../arm-none-eabi/lib/thumb/v7e-m+fp/hard/libnosys.a(sbrk.o)
                0x0000000008002aec                _sbrk
 .text          0x0000000008002b08        0x4 /usr/lib/gcc/arm-none-eabi/9.2.1/../../../arm-none-eabi/lib/thumb/v7e-m+fp/hard/libnosys.a(_exit.o)
                0x0000000008002b08                _exit
 *(.text*)
 .text.ibus_event
                0x0000000008002b0c      0x104 build/main.o
                0x0000000008002b0c                ibus_event
 .text.SystemClock_Config
                0x0000000008002c10       0x64 build/main.o
                0x0000000008002c10                SystemClock_Config
 .text.main     0x0000000008002c74      0x224 build/main.o
                0x0000000008002c74                main
 .text._write   0x0000000008002e98        0xe build/main.o
                0x0000000008002e98                _write
 .text.Error_Handler
                0x0000000008002ea6        0x2 build/main.o
                0x0000000008002ea6                Error_Handler
 .text.NMI_Handler
                0x0000000008002ea8        0x2 build/stm32f3xx_it.o
                0x0000000008002ea8                NMI_Handler
 .text.HardFault_Handler
                0x0000000008002eaa        0x2 build/stm32f3xx_it.o
                0x0000000008002eaa                HardFault_Handler
 .text.MemManage_Handler
                0x0000000008002eac        0x2 build/stm32f3xx_it.o
                0x0000000008002eac                MemManage_Handler
 .text.BusFault_Handler
                0x0000000008002eae        0x2 build/stm32f3xx_it.o
                0x0000000008002eae                BusFault_Handler
 .text.UsageFault_Handler
                0x0000000008002eb0        0x2 build/stm32f3xx_it.o
                0x0000000008002eb0                UsageFault_Handler
 .text.SVC_Handler
                0x0000000008002eb2        0x2 build/stm32f3xx_it.o
                0x0000000008002eb2                SVC_Handler
 .text.DebugMon_Handler
                0x0000000008002eb4        0x2 build/stm32f3xx_it.o
                0x0000000008002eb4                DebugMon_Handler
 .text.PendSV_Handler
                0x0000000008002eb6        0x2 build/stm32f3xx_it.o
                0x0000000008002eb6                PendSV_Handler
 .text.SysTick_Handler
                0x0000000008002eb8        0x8 build/stm32f3xx_it.o
                0x0000000008002eb8                SysTick_Handler
 .text.DMA1_Channel2_IRQHandler
                0x0000000008002ec0       0x10 build/stm32f3xx_it.o
                0x0000000008002ec0                DMA1_Channel2_IRQHandler
 .text.DMA1_Channel4_IRQHandler
                0x0000000008002ed0       0x10 build/stm32f3xx_it.o
                0x0000000008002ed0                DMA1_Channel4_IRQHandler
 .text.DMA1_Channel7_IRQHandler
                0x0000000008002ee0       0x10 build/stm32f3xx_it.o
                0x0000000008002ee0                DMA1_Channel7_IRQHandler
 .text.USART1_IRQHandler
                0x0000000008002ef0       0x10 build/stm32f3xx_it.o
                0x0000000008002ef0                USART1_IRQHandler
 .text.USART2_IRQHandler
                0x0000000008002f00       0x10 build/stm32f3xx_it.o
                0x0000000008002f00                USART2_IRQHandler
 .text.USART3_IRQHandler
                0x0000000008002f10       0x10 build/stm32f3xx_it.o
                0x0000000008002f10                USART3_IRQHandler
 .text.UART5_IRQHandler
                0x0000000008002f20       0x10 build/stm32f3xx_it.o
                0x0000000008002f20                UART5_IRQHandler
 .text.TIM6_DAC_IRQHandler
                0x0000000008002f30       0x10 build/stm32f3xx_it.o
                0x0000000008002f30                TIM6_DAC_IRQHandler
 .text.TIM7_IRQHandler
                0x0000000008002f40       0x10 build/stm32f3xx_it.o
                0x0000000008002f40                TIM7_IRQHandler
 .text.HAL_MspInit
                0x0000000008002f50       0x7c build/stm32f3xx_hal_msp.o
                0x0000000008002f50                HAL_MspInit
 .text.HAL_TIM_Base_Start_IT
                0x0000000008002fcc       0x18 build/stm32f3xx_hal_tim.o
                0x0000000008002fcc                HAL_TIM_Base_Start_IT
 .text.HAL_TIM_OC_DelayElapsedCallback
                0x0000000008002fe4        0x2 build/stm32f3xx_hal_tim.o
                0x0000000008002fe4                HAL_TIM_OC_DelayElapsedCallback
 .text.HAL_TIM_IC_CaptureCallback
                0x0000000008002fe6        0x2 build/stm32f3xx_hal_tim.o
                0x0000000008002fe6                HAL_TIM_IC_CaptureCallback
 .text.HAL_TIM_PWM_PulseFinishedCallback
                0x0000000008002fe8        0x2 build/stm32f3xx_hal_tim.o
                0x0000000008002fe8                HAL_TIM_PWM_PulseFinishedCallback
 .text.HAL_TIM_TriggerCallback
                0x0000000008002fea        0x2 build/stm32f3xx_hal_tim.o
                0x0000000008002fea                HAL_TIM_TriggerCallback
 .text.HAL_TIM_IRQHandler
                0x0000000008002fec      0x19a build/stm32f3xx_hal_tim.o
                0x0000000008002fec                HAL_TIM_IRQHandler
 *fill*         0x0000000008003186        0x2 
 .text.TIM_Base_SetConfig
                0x0000000008003188       0xd0 build/stm32f3xx_hal_tim.o
                0x0000000008003188                TIM_Base_SetConfig
 .text.HAL_TIM_Base_Init
                0x0000000008003258       0x32 build/stm32f3xx_hal_tim.o
                0x0000000008003258                HAL_TIM_Base_Init
 *fill*         0x000000000800328a        0x2 
 .text.HAL_TIMEx_MasterConfigSynchronization
                0x000000000800328c       0x60 build/stm32f3xx_hal_tim_ex.o
                0x000000000800328c                HAL_TIMEx_MasterConfigSynchronization
 .text.HAL_TIMEx_CommutationCallback
                0x00000000080032ec        0x2 build/stm32f3xx_hal_tim_ex.o
                0x00000000080032ec                HAL_TIMEx_CommutationCallback
 .text.HAL_TIMEx_BreakCallback
                0x00000000080032ee        0x2 build/stm32f3xx_hal_tim_ex.o
                0x00000000080032ee                HAL_TIMEx_BreakCallback
 .text.HAL_TIMEx_Break2Callback
                0x00000000080032f0        0x2 build/stm32f3xx_hal_tim_ex.o
                0x00000000080032f0                HAL_TIMEx_Break2Callback
 .text.UART_EndTxTransfer
                0x00000000080032f2       0x12 build/stm32f3xx_hal_uart.o
 .text.UART_EndRxTransfer
                0x0000000008003304       0x1c build/stm32f3xx_hal_uart.o
 .text.HAL_UART_Transmit_IT
                0x0000000008003320       0x4c build/stm32f3xx_hal_uart.o
                0x0000000008003320                HAL_UART_Transmit_IT
 .text.HAL_UART_Receive_IT
                0x000000000800336c       0xae build/stm32f3xx_hal_uart.o
                0x000000000800336c                HAL_UART_Receive_IT
 *fill*         0x000000000800341a        0x2 
 .text.HAL_UART_Transmit_DMA
                0x000000000800341c       0x90 build/stm32f3xx_hal_uart.o
                0x000000000800341c                HAL_UART_Transmit_DMA
 .text.UART_DMATransmitCplt
                0x00000000080034ac       0x32 build/stm32f3xx_hal_uart.o
 .text.HAL_UART_TxHalfCpltCallback
                0x00000000080034de        0x2 build/stm32f3xx_hal_uart.o
                0x00000000080034de                HAL_UART_TxHalfCpltCallback
 .text.UART_DMATxHalfCplt
                0x00000000080034e0        0xa build/stm32f3xx_hal_uart.o
 .text.UART_DMAError
                0x00000000080034ea       0x58 build/stm32f3xx_hal_uart.o
 .text.UART_DMAAbortOnError
                0x0000000008003542       0x14 build/stm32f3xx_hal_uart.o
 .text.HAL_HalfDuplex_EnableTransmitter
                0x0000000008003556       0x3c build/stm32f3xx_hal_uart.o
                0x0000000008003556                HAL_HalfDuplex_EnableTransmitter
 .text.HAL_HalfDuplex_EnableReceiver
                0x0000000008003592       0x3c build/stm32f3xx_hal_uart.o
                0x0000000008003592                HAL_HalfDuplex_EnableReceiver
 *fill*         0x00000000080035ce        0x2 
 .text.UART_SetConfig
                0x00000000080035d0      0x2a0 build/stm32f3xx_hal_uart.o
                0x00000000080035d0                UART_SetConfig
 .text.UART_AdvFeatureConfig
                0x0000000008003870       0xca build/stm32f3xx_hal_uart.o
                0x0000000008003870                UART_AdvFeatureConfig
 .text.UART_WaitOnFlagUntilTimeout
                0x000000000800393a       0x62 build/stm32f3xx_hal_uart.o
                0x000000000800393a                UART_WaitOnFlagUntilTimeout
 .text.UART_CheckIdleState
                0x000000000800399c       0x70 build/stm32f3xx_hal_uart.o
                0x000000000800399c                UART_CheckIdleState
 .text.HAL_UART_Init
                0x0000000008003a0c       0x66 build/stm32f3xx_hal_uart.o
                0x0000000008003a0c                HAL_UART_Init
 .text.HAL_HalfDuplex_Init
                0x0000000008003a72       0x72 build/stm32f3xx_hal_uart.o
                0x0000000008003a72                HAL_HalfDuplex_Init
 .text.UART_Transmit_IT
                0x0000000008003ae4       0x6c build/stm32f3xx_hal_uart.o
                0x0000000008003ae4                UART_Transmit_IT
 .text.UART_EndTransmit_IT
                0x0000000008003b50       0x1a build/stm32f3xx_hal_uart.o
                0x0000000008003b50                UART_EndTransmit_IT
 .text.UART_Receive_IT
                0x0000000008003b6a       0x80 build/stm32f3xx_hal_uart.o
                0x0000000008003b6a                UART_Receive_IT
 *fill*         0x0000000008003bea        0x2 
 .text.HAL_UART_IRQHandler
                0x0000000008003bec      0x15c build/stm32f3xx_hal_uart.o
                0x0000000008003bec                HAL_UART_IRQHandler
 .text.HAL_UARTEx_WakeupCallback
                0x0000000008003d48        0x2 build/stm32f3xx_hal_uart_ex.o
                0x0000000008003d48                HAL_UARTEx_WakeupCallback
 *fill*         0x0000000008003d4a        0x2 
 .text.HAL_InitTick
                0x0000000008003d4c       0x4c build/stm32f3xx_hal.o
                0x0000000008003d4c                HAL_InitTick
 .text.HAL_Init
                0x0000000008003d98       0x24 build/stm32f3xx_hal.o
                0x0000000008003d98                HAL_Init
 .text.HAL_IncTick
                0x0000000008003dbc       0x18 build/stm32f3xx_hal.o
                0x0000000008003dbc                HAL_IncTick
 .text.HAL_GetTick
                0x0000000008003dd4        0xc build/stm32f3xx_hal.o
                0x0000000008003dd4                HAL_GetTick
 .text.HAL_Delay
                0x0000000008003de0       0x28 build/stm32f3xx_hal.o
                0x0000000008003de0                HAL_Delay
 .text.HAL_RCC_OscConfig
                0x0000000008003e08      0x620 build/stm32f3xx_hal_rcc.o
                0x0000000008003e08                HAL_RCC_OscConfig
 .text.HAL_RCC_GetSysClockFreq
                0x0000000008004428       0x7c build/stm32f3xx_hal_rcc.o
                0x0000000008004428                HAL_RCC_GetSysClockFreq
 .text.HAL_RCC_ClockConfig
                0x00000000080044a4      0x1a0 build/stm32f3xx_hal_rcc.o
                0x00000000080044a4                HAL_RCC_ClockConfig
 .text.HAL_RCC_GetHCLKFreq
                0x0000000008004644        0xc build/stm32f3xx_hal_rcc.o
                0x0000000008004644                HAL_RCC_GetHCLKFreq
 .text.HAL_RCC_GetPCLK1Freq
                0x0000000008004650       0x2c build/stm32f3xx_hal_rcc.o
                0x0000000008004650                HAL_RCC_GetPCLK1Freq
 .text.HAL_RCC_GetPCLK2Freq
                0x000000000800467c       0x2c build/stm32f3xx_hal_rcc.o
                0x000000000800467c                HAL_RCC_GetPCLK2Freq
 .text.HAL_RCCEx_PeriphCLKConfig
                0x00000000080046a8      0x308 build/stm32f3xx_hal_rcc_ex.o
                0x00000000080046a8                HAL_RCCEx_PeriphCLKConfig
 .text.HAL_GPIO_Init
                0x00000000080049b0      0x1ac build/stm32f3xx_hal_gpio.o
                0x00000000080049b0                HAL_GPIO_Init
 .text.HAL_GPIO_WritePin
                0x0000000008004b5c        0xa build/stm32f3xx_hal_gpio.o
                0x0000000008004b5c                HAL_GPIO_WritePin
 .text.DMA_SetConfig
                0x0000000008004b66       0x2c build/stm32f3xx_hal_dma.o
 *fill*         0x0000000008004b92        0x2 
 .text.DMA_CalcBaseAndBitshift
                0x0000000008004b94       0x4c build/stm32f3xx_hal_dma.o
 .text.HAL_DMA_Init
                0x0000000008004be0       0x50 build/stm32f3xx_hal_dma.o
                0x0000000008004be0                HAL_DMA_Init
 .text.HAL_DMA_Start_IT
                0x0000000008004c30       0x74 build/stm32f3xx_hal_dma.o
                0x0000000008004c30                HAL_DMA_Start_IT
 .text.HAL_DMA_Abort_IT
                0x0000000008004ca4       0x4a build/stm32f3xx_hal_dma.o
                0x0000000008004ca4                HAL_DMA_Abort_IT
 .text.HAL_DMA_IRQHandler
                0x0000000008004cee       0xb4 build/stm32f3xx_hal_dma.o
                0x0000000008004cee                HAL_DMA_IRQHandler
 *fill*         0x0000000008004da2        0x2 
 .text.HAL_NVIC_SetPriorityGrouping
                0x0000000008004da4       0x24 build/stm32f3xx_hal_cortex.o
                0x0000000008004da4                HAL_NVIC_SetPriorityGrouping
 .text.HAL_NVIC_SetPriority
                0x0000000008004dc8       0x68 build/stm32f3xx_hal_cortex.o
                0x0000000008004dc8                HAL_NVIC_SetPriority
 .text.HAL_NVIC_EnableIRQ
                0x0000000008004e30       0x18 build/stm32f3xx_hal_cortex.o
                0x0000000008004e30                HAL_NVIC_EnableIRQ
 .text.HAL_SYSTICK_Config
                0x0000000008004e48       0x2c build/stm32f3xx_hal_cortex.o
                0x0000000008004e48                HAL_SYSTICK_Config
 .text.SystemInit
                0x0000000008004e74       0x68 build/system_stm32f3xx.o
                0x0000000008004e74                SystemInit
 .text.MX_GPIO_Init
                0x0000000008004edc       0x9c build/gpio.o
                0x0000000008004edc                MX_GPIO_Init
 .text.MX_TIM6_Init
                0x0000000008004f78       0x50 build/tim.o
                0x0000000008004f78                MX_TIM6_Init
 .text.MX_TIM7_Init
                0x0000000008004fc8       0x50 build/tim.o
                0x0000000008004fc8                MX_TIM7_Init
 .text.HAL_TIM_Base_MspInit
                0x0000000008005018       0x70 build/tim.o
                0x0000000008005018                HAL_TIM_Base_MspInit
 .text.HAL_TIM_PeriodElapsedCallback
                0x0000000008005088      0x1c0 build/tim.o
                0x0000000008005088                HAL_TIM_PeriodElapsedCallback
 .text.MX_UART5_Init
                0x0000000008005248       0x38 build/usart.o
                0x0000000008005248                MX_UART5_Init
 .text.MX_USART1_UART_Init
                0x0000000008005280       0x38 build/usart.o
                0x0000000008005280                MX_USART1_UART_Init
 .text.MX_USART2_UART_Init
                0x00000000080052b8       0x38 build/usart.o
                0x00000000080052b8                MX_USART2_UART_Init
 .text.MX_USART3_UART_Init
                0x00000000080052f0       0x38 build/usart.o
                0x00000000080052f0                MX_USART3_UART_Init
 .text.HAL_UART_MspInit
                0x0000000008005328      0x298 build/usart.o
                0x0000000008005328                HAL_UART_MspInit
 .text.HAL_UART_RxCpltCallback
                0x00000000080055c0       0x68 build/usart.o
                0x00000000080055c0                HAL_UART_RxCpltCallback
 .text.HAL_UART_TxCpltCallback
                0x0000000008005628       0x50 build/usart.o
                0x0000000008005628                HAL_UART_TxCpltCallback
 .text.HAL_UART_ErrorCallback
                0x0000000008005678       0x5c build/usart.o
                0x0000000008005678                HAL_UART_ErrorCallback
 .text.ibus_empty_cb
                0x00000000080056d4        0x2 build/ibus.o
                0x00000000080056d4                ibus_empty_cb
 .text.ibus_start_ch_cmd
                0x00000000080056d6       0x22 build/ibus.o
 .text.ibus_start_sensor_discovery_cmd
                0x00000000080056f8       0x26 build/ibus.o
 .text.ibus_start_sensor_type_cmd
                0x000000000800571e       0x26 build/ibus.o
 .text.ibus_start_sensor_measurement_cmd
                0x0000000008005744       0x26 build/ibus.o
 .text.ibus_test_cs
                0x000000000800576a       0x36 build/ibus.o
 .text.ibus_calc_cs
                0x00000000080057a0       0x24 build/ibus.o
 .text.ibus_init
                0x00000000080057c4       0x10 build/ibus.o
                0x00000000080057c4                ibus_init
 .text.ibus_set_event_callback
                0x00000000080057d4        0x6 build/ibus.o
                0x00000000080057d4                ibus_set_event_callback
 *fill*         0x00000000080057da        0x2 
 .text.ibus_receive
                0x00000000080057dc      0x14c build/ibus.o
                0x00000000080057dc                ibus_receive
 .text.ibus_make_packet
                0x0000000008005928       0x48 build/ibus.o
                0x0000000008005928                ibus_make_packet
 .text.ibus_make_sensor_request_packet
                0x0000000008005970       0x50 build/ibus.o
                0x0000000008005970                ibus_make_sensor_request_packet
 .text.ibus_stm32_init
                0x00000000080059c0       0x5c build/ibus_stm32.o
                0x00000000080059c0                ibus_stm32_init
 .text.ibus_stm32_receive_complete
                0x0000000008005a1c       0x7c build/ibus_stm32.o
                0x0000000008005a1c                ibus_stm32_receive_complete
 .text.ibus_stm32_process_rx
                0x0000000008005a98       0x42 build/ibus_stm32.o
                0x0000000008005a98                ibus_stm32_process_rx
 .text.ibus_stm32_transmit_complete
                0x0000000008005ada       0x1a build/ibus_stm32.o
                0x0000000008005ada                ibus_stm32_transmit_complete
 .text.ibus_stm32_try_transmit
                0x0000000008005af4       0x50 build/ibus_stm32.o
                0x0000000008005af4                ibus_stm32_try_transmit
 .text.send_telemetry_sensor_request
                0x0000000008005b44       0x54 build/ibus_stm32.o
                0x0000000008005b44                send_telemetry_sensor_request
 .text.tfmini_init
                0x0000000008005b98       0x10 build/tfmini.o
                0x0000000008005b98                tfmini_init
 .text.tfmini_receive
                0x0000000008005ba8       0x6c build/tfmini.o
                0x0000000008005ba8                tfmini_receive
 .text.tfmini_stm32_init
                0x0000000008005c14       0x30 build/tfmini_stm32.o
                0x0000000008005c14                tfmini_stm32_init
 .text.tfmini_stm32_receive_complete
                0x0000000008005c44       0x68 build/tfmini_stm32.o
                0x0000000008005c44                tfmini_stm32_receive_complete
 .text.tfmini_stm32_process_rx
                0x0000000008005cac       0x2c build/tfmini_stm32.o
                0x0000000008005cac                tfmini_stm32_process_rx
 .text.MX_DMA_Init
                0x0000000008005cd8       0x54 build/dma.o
                0x0000000008005cd8                MX_DMA_Init
 .text.failsafe_pi_ctrl_lost
                0x0000000008005d2c       0x20 build/failsafe.o
                0x0000000008005d2c                failsafe_pi_ctrl_lost
 .text.failsafe_autohover_update2
                0x0000000008005d4c      0x100 build/failsafe.o
                0x0000000008005d4c                failsafe_autohover_update2
 .text.Reset_Handler
                0x0000000008005e4c       0x50 build/startup_stm32f303xe.o
                0x0000000008005e4c                Reset_Handler
 .text.Default_Handler
                0x0000000008005e9c        0x2 build/startup_stm32f303xe.o
                0x0000000008005e9c                RTC_Alarm_IRQHandler
                0x0000000008005e9c                TIM8_TRG_COM_IRQHandler
                0x0000000008005e9c                TIM8_CC_IRQHandler
                0x0000000008005e9c                SPI4_IRQHandler
                0x0000000008005e9c                TIM1_CC_IRQHandler
                0x0000000008005e9c                USB_HP_IRQHandler
                0x0000000008005e9c                PVD_IRQHandler
                0x0000000008005e9c                TAMP_STAMP_IRQHandler
                0x0000000008005e9c                EXTI3_IRQHandler
                0x0000000008005e9c                I2C3_ER_IRQHandler
                0x0000000008005e9c                USB_HP_CAN_TX_IRQHandler
                0x0000000008005e9c                EXTI0_IRQHandler
                0x0000000008005e9c                I2C2_EV_IRQHandler
                0x0000000008005e9c                FPU_IRQHandler
                0x0000000008005e9c                TIM1_UP_TIM16_IRQHandler
                0x0000000008005e9c                ADC1_2_IRQHandler
                0x0000000008005e9c                SPI1_IRQHandler
                0x0000000008005e9c                CAN_SCE_IRQHandler
                0x0000000008005e9c                TIM8_UP_IRQHandler
                0x0000000008005e9c                DMA2_Channel2_IRQHandler
                0x0000000008005e9c                TIM20_TRG_COM_IRQHandler
                0x0000000008005e9c                ADC3_IRQHandler
                0x0000000008005e9c                TIM4_IRQHandler
                0x0000000008005e9c                CAN_RX1_IRQHandler
                0x0000000008005e9c                DMA2_Channel1_IRQHandler
                0x0000000008005e9c                I2C1_EV_IRQHandler
                0x0000000008005e9c                DMA1_Channel6_IRQHandler
                0x0000000008005e9c                UART4_IRQHandler
                0x0000000008005e9c                DMA2_Channel4_IRQHandler
                0x0000000008005e9c                TIM3_IRQHandler
                0x0000000008005e9c                RCC_IRQHandler
                0x0000000008005e9c                TIM20_UP_IRQHandler
                0x0000000008005e9c                DMA1_Channel1_IRQHandler
                0x0000000008005e9c                Default_Handler
                0x0000000008005e9c                USBWakeUp_RMP_IRQHandler
                0x0000000008005e9c                EXTI15_10_IRQHandler
                0x0000000008005e9c                I2C3_EV_IRQHandler
                0x0000000008005e9c                EXTI9_5_IRQHandler
                0x0000000008005e9c                RTC_WKUP_IRQHandler
                0x0000000008005e9c                SPI2_IRQHandler
                0x0000000008005e9c                USB_LP_CAN_RX0_IRQHandler
                0x0000000008005e9c                DMA2_Channel5_IRQHandler
                0x0000000008005e9c                DMA1_Channel5_IRQHandler
                0x0000000008005e9c                USB_LP_IRQHandler
                0x0000000008005e9c                EXTI4_IRQHandler
                0x0000000008005e9c                TIM1_TRG_COM_TIM17_IRQHandler
                0x0000000008005e9c                DMA1_Channel3_IRQHandler
                0x0000000008005e9c                ADC4_IRQHandler
                0x0000000008005e9c                WWDG_IRQHandler
                0x0000000008005e9c                TIM2_IRQHandler
                0x0000000008005e9c                COMP7_IRQHandler
                0x0000000008005e9c                COMP1_2_3_IRQHandler
                0x0000000008005e9c                EXTI1_IRQHandler
                0x0000000008005e9c                COMP4_5_6_IRQHandler
                0x0000000008005e9c                TIM20_BRK_IRQHandler
                0x0000000008005e9c                I2C2_ER_IRQHandler
                0x0000000008005e9c                TIM8_BRK_IRQHandler
                0x0000000008005e9c                FLASH_IRQHandler
                0x0000000008005e9c                TIM20_CC_IRQHandler
                0x0000000008005e9c                SPI3_IRQHandler
                0x0000000008005e9c                I2C1_ER_IRQHandler
                0x0000000008005e9c                FMC_IRQHandler
                0x0000000008005e9c                USBWakeUp_IRQHandler
                0x0000000008005e9c                DMA2_Channel3_IRQHandler
                0x0000000008005e9c                EXTI2_TSC_IRQHandler
                0x0000000008005e9c                TIM1_BRK_TIM15_IRQHandler
 *(.glue_7)
 .glue_7        0x0000000008005e9e        0x0 linker stubs
 *(.glue_7t)
 .glue_7t       0x0000000008005e9e        0x0 linker stubs
 *(.eh_frame)
 *fill*         0x0000000008005e9e        0x2 
 .eh_frame      0x0000000008005ea0        0x0 /usr/lib/gcc/arm-none-eabi/9.2.1/thumb/v7e-m+fp/hard/crtbegin.o
 *(.init)
 .init          0x0000000008005ea0        0x4 /usr/lib/gcc/arm-none-eabi/9.2.1/thumb/v7e-m+fp/hard/crti.o
                0x0000000008005ea0                _init
 .init          0x0000000008005ea4        0x8 /usr/lib/gcc/arm-none-eabi/9.2.1/thumb/v7e-m+fp/hard/crtn.o
 *(.fini)
 .fini          0x0000000008005eac        0x4 /usr/lib/gcc/arm-none-eabi/9.2.1/thumb/v7e-m+fp/hard/crti.o
                0x0000000008005eac                _fini
 .fini          0x0000000008005eb0        0x8 /usr/lib/gcc/arm-none-eabi/9.2.1/thumb/v7e-m+fp/hard/crtn.o
                0x0000000008005eb8                . = ALIGN (0x4)
                0x0000000008005eb8                _etext = .

.vfp11_veneer   0x0000000008005eb8        0x0
 .vfp11_veneer  0x0000000008005eb8        0x0 linker stubs

.v4_bx          0x0000000008005eb8        0x0
 .v4_bx         0x0000000008005eb8        0x0 linker stubs

.iplt           0x0000000008005eb8        0x0
 .iplt          0x0000000008005eb8        0x0 /usr/lib/gcc/arm-none-eabi/9.2.1/thumb/v7e-m+fp/hard/crtbegin.o

.rodata         0x0000000008005eb8      0x7e0
                0x0000000008005eb8                . = ALIGN (0x4)
 *(.rodata)
 .rodata        0x0000000008005eb8        0x4 /usr/lib/gcc/arm-none-eabi/9.2.1/../../../arm-none-eabi/lib/thumb/v7e-m+fp/hard/libc_nano.a(lib_a-impure.o)
                0x0000000008005eb8                _global_impure_ptr
 .rodata        0x0000000008005ebc       0x60 /usr/lib/gcc/arm-none-eabi/9.2.1/../../../arm-none-eabi/lib/thumb/v7e-m+fp/hard/libc_nano.a(lib_a-findfp.o)
                0x0000000008005ebc                __sf_fake_stderr
                0x0000000008005edc                __sf_fake_stdout
                0x0000000008005efc                __sf_fake_stdin
 .rodata        0x0000000008005f1c      0x398 /usr/lib/gcc/arm-none-eabi/9.2.1/../../../arm-none-eabi/lib/thumb/v7e-m+fp/hard/libm.a(lib_a-ef_rem_pio2.o)
 .rodata        0x00000000080062b4       0x38 /usr/lib/gcc/arm-none-eabi/9.2.1/../../../arm-none-eabi/lib/thumb/v7e-m+fp/hard/libm.a(lib_a-kf_rem_pio2.o)
 *(.rodata*)
 .rodata.main.str1.4
                0x00000000080062ec        0xf build/main.o
 *fill*         0x00000000080062fb        0x1 
 .rodata.aPLLMULFactorTable
                0x00000000080062fc       0x10 build/stm32f3xx_hal_rcc.o
                0x00000000080062fc                aPLLMULFactorTable
 .rodata.aPredivFactorTable
                0x000000000800630c       0x10 build/stm32f3xx_hal_rcc.o
                0x000000000800630c                aPredivFactorTable
 .rodata.AHBPrescTable
                0x000000000800631c       0x10 build/system_stm32f3xx.o
                0x000000000800631c                AHBPrescTable
 .rodata.APBPrescTable
                0x000000000800632c        0x8 build/system_stm32f3xx.o
                0x000000000800632c                APBPrescTable
 .rodata.HAL_UART_ErrorCallback.str1.4
                0x0000000008006334       0x30 build/usart.o
 .rodata.__func__.6583
                0x0000000008006364       0x20 build/ibus.o
 .rodata.ibus_make_sensor_request_packet.str1.4
                0x0000000008006384       0x73 build/ibus.o
 *fill*         0x00000000080063f7        0x1 
 .rodata.ibus_receive.str1.4
                0x00000000080063f8       0x20 build/ibus.o
 .rodata.__func__.9198
                0x0000000008006418       0x1c build/ibus_stm32.o
 .rodata.__func__.9218
                0x0000000008006434       0x1e build/ibus_stm32.o
 *fill*         0x0000000008006452        0x2 
 .rodata.ibus_stm32_init.str1.4
                0x0000000008006454       0x31 build/ibus_stm32.o
 *fill*         0x0000000008006485        0x3 
 .rodata.ibus_stm32_receive_complete.str1.4
                0x0000000008006488       0x79 build/ibus_stm32.o
 *fill*         0x0000000008006501        0x3 
 .rodata.ibus_stm32_try_transmit.str1.4
                0x0000000008006504       0x3a build/ibus_stm32.o
 *fill*         0x000000000800653e        0x2 
 .rodata.send_telemetry_sensor_request.str1.4
                0x0000000008006540        0x9 build/ibus_stm32.o
 *fill*         0x0000000008006549        0x3 
 .rodata.__func__.9128
                0x000000000800654c       0x1e build/tfmini_stm32.o
 *fill*         0x000000000800656a        0x2 
 .rodata.tfmini_stm32_init.str1.4
                0x000000000800656c       0x33 build/tfmini_stm32.o
 *fill*         0x000000000800659f        0x1 
 .rodata.tfmini_stm32_receive_complete.str1.4
                0x00000000080065a0       0x79 build/tfmini_stm32.o
                                         0x7d (size before relaxing)
 *fill*         0x0000000008006619        0x3 
 .rodata.str1.4
                0x000000000800661c       0x3f /usr/lib/gcc/arm-none-eabi/9.2.1/../../../arm-none-eabi/lib/thumb/v7e-m+fp/hard/libc_nano.a(lib_a-assert.o)
                                         0x43 (size before relaxing)
 *fill*         0x000000000800665b        0x1 
 .rodata.str1.4
                0x000000000800665c       0x13 /usr/lib/gcc/arm-none-eabi/9.2.1/../../../arm-none-eabi/lib/thumb/v7e-m+fp/hard/libc_nano.a(lib_a-nano-vfprintf.o)
 *fill*         0x000000000800666f        0x1 
 .rodata.str1.4
                0x0000000008006670       0x25 /usr/lib/gcc/arm-none-eabi/9.2.1/../../../arm-none-eabi/lib/thumb/v7e-m+fp/hard/libc_nano.a(lib_a-nano-vfprintf_i.o)
                0x0000000008006698                . = ALIGN (0x4)
 *fill*         0x0000000008006695        0x3 

.rel.dyn        0x0000000008006698        0x0
 .rel.iplt      0x0000000008006698        0x0 /usr/lib/gcc/arm-none-eabi/9.2.1/thumb/v7e-m+fp/hard/crtbegin.o

.ARM.extab
 *(.ARM.extab* .gnu.linkonce.armextab.*)

.ARM            0x0000000008006698        0x0
                0x0000000008006698                __exidx_start = .
 *(.ARM.exidx*)
                0x0000000008006698                __exidx_end = .

.preinit_array  0x0000000008006698        0x0
                0x0000000008006698                PROVIDE (__preinit_array_start = .)
 *(.preinit_array*)
                0x0000000008006698                PROVIDE (__preinit_array_end = .)

.init_array     0x0000000008006698        0x4
                0x0000000008006698                PROVIDE (__init_array_start = .)
 *(SORT_BY_NAME(.init_array.*))
 *(.init_array*)
 .init_array    0x0000000008006698        0x4 /usr/lib/gcc/arm-none-eabi/9.2.1/thumb/v7e-m+fp/hard/crtbegin.o
                0x000000000800669c                PROVIDE (__init_array_end = .)

.fini_array     0x000000000800669c        0x4
                0x000000000800669c                PROVIDE (__fini_array_start = .)
 *(SORT_BY_NAME(.fini_array.*))
 *(.fini_array*)
 .fini_array    0x000000000800669c        0x4 /usr/lib/gcc/arm-none-eabi/9.2.1/thumb/v7e-m+fp/hard/crtbegin.o
                0x00000000080066a0                PROVIDE (__fini_array_end = .)
                0x00000000080066a0                _sidata = LOADADDR (.data)

.data           0x0000000020000000       0x70 load address 0x00000000080066a0
                0x0000000020000000                . = ALIGN (0x4)
                0x0000000020000000                _sdata = .
 *(.data)
 .data          0x0000000020000000       0x64 /usr/lib/gcc/arm-none-eabi/9.2.1/../../../arm-none-eabi/lib/thumb/v7e-m+fp/hard/libc_nano.a(lib_a-impure.o)
                0x0000000020000000                _impure_ptr
 *(.data*)
 .data.uwTickFreq
                0x0000000020000064        0x1 build/stm32f3xx_hal.o
                0x0000000020000064                uwTickFreq
 *fill*         0x0000000020000065        0x3 
 .data.uwTickPrio
                0x0000000020000068        0x4 build/stm32f3xx_hal.o
                0x0000000020000068                uwTickPrio
 .data.SystemCoreClock
                0x000000002000006c        0x4 build/system_stm32f3xx.o
                0x000000002000006c                SystemCoreClock
                0x0000000020000070                . = ALIGN (0x4)
                0x0000000020000070                _edata = .
                0x0000000008006710                _siccmram = LOADADDR (.ccmram)

.tm_clone_table
                0x0000000020000070        0x0 load address 0x0000000008006710
 .tm_clone_table
                0x0000000020000070        0x0 /usr/lib/gcc/arm-none-eabi/9.2.1/thumb/v7e-m+fp/hard/crtbegin.o
 .tm_clone_table
                0x0000000020000070        0x0 /usr/lib/gcc/arm-none-eabi/9.2.1/thumb/v7e-m+fp/hard/crtend.o

.igot.plt       0x0000000020000070        0x0 load address 0x0000000008006710
 .igot.plt      0x0000000020000070        0x0 /usr/lib/gcc/arm-none-eabi/9.2.1/thumb/v7e-m+fp/hard/crtbegin.o

.ccmram         0x0000000010000000        0x0 load address 0x0000000008006710
                0x0000000010000000                . = ALIGN (0x4)
                0x0000000010000000                _sccmram = .
 *(.ccmram)
 *(.ccmram*)
                0x0000000010000000                . = ALIGN (0x4)
                0x0000000010000000                _eccmram = .
                0x0000000010000000                . = ALIGN (0x4)

.bss            0x0000000020000070      0x698
                0x0000000020000070                _sbss = .
                0x0000000020000070                __bss_start__ = _sbss
 *(.bss)
 .bss           0x0000000020000070       0x1c /usr/lib/gcc/arm-none-eabi/9.2.1/thumb/v7e-m+fp/hard/crtbegin.o
 .bss           0x000000002000008c        0x8 /usr/lib/gcc/arm-none-eabi/9.2.1/../../../arm-none-eabi/lib/thumb/v7e-m+fp/hard/libc_nano.a(lib_a-nano-mallocr.o)
                0x000000002000008c                __malloc_free_list
                0x0000000020000090                __malloc_sbrk_start
 .bss           0x0000000020000094        0x4 /usr/lib/gcc/arm-none-eabi/9.2.1/../../../arm-none-eabi/lib/thumb/v7e-m+fp/hard/libnosys.a(sbrk.o)
 *(.bss*)
 *(COMMON)
 COMMON         0x0000000020000098      0x35a build/main.o
                0x0000000020000098                rxChannels
                0x00000000200000b4                piIbus
                0x0000000020000194                realHeight
                0x0000000020000196                telYaw
                0x0000000020000198                manualPrev
                0x000000002000019a                telAccZ
                0x000000002000019c                lastPiData
                0x00000000200001a0                telIbus
                0x0000000020000280                telAccY
                0x0000000020000282                tfminiLast
                0x0000000020000284                tfmini
                0x00000000200002dc                failsafePrev
                0x00000000200002e0                piChannels
                0x00000000200002fc                failsafe
                0x000000002000030c                rxIbus
                0x00000000200003ec                telAccX
                0x00000000200003ee                telPitch
                0x00000000200003f0                telRoll
 *fill*         0x00000000200003f2        0x2 
 COMMON         0x00000000200003f4        0x4 build/stm32f3xx_hal.o
                0x00000000200003f4                uwTick
 COMMON         0x00000000200003f8       0x80 build/tim.o
                0x00000000200003f8                htim6
                0x0000000020000438                htim7
 COMMON         0x0000000020000478      0x28c build/usart.o
                0x0000000020000478                huart3
                0x00000000200004e8                hdma_usart3_tx
                0x000000002000052c                hdma_usart1_tx
                0x0000000020000570                huart5
                0x00000000200005e0                hdma_usart2_tx
                0x0000000020000624                huart1
                0x0000000020000694                huart2
 COMMON         0x0000000020000704        0x4 /usr/lib/gcc/arm-none-eabi/9.2.1/../../../arm-none-eabi/lib/thumb/v7e-m+fp/hard/libc_nano.a(lib_a-reent.o)
                0x0000000020000704                errno
                0x0000000020000708                . = ALIGN (0x4)
                0x0000000020000708                _ebss = .
                0x0000000020000708                __bss_end__ = _ebss

._user_heap_stack
                0x0000000020000708      0x600
                0x0000000020000708                . = ALIGN (0x8)
                0x0000000020000708                PROVIDE (end = .)
                [!provide]                        PROVIDE (_end = .)
                0x0000000020000908                . = (. + _Min_Heap_Size)
 *fill*         0x0000000020000708      0x200 
                0x0000000020000d08                . = (. + _Min_Stack_Size)
 *fill*         0x0000000020000908      0x400 
                0x0000000020000d08                . = ALIGN (0x8)

/DISCARD/
 libc.a(*)
 libm.a(*)
 libgcc.a(*)

.ARM.attributes
                0x0000000000000000       0x30
 *(.ARM.attributes)
 .ARM.attributes
                0x0000000000000000       0x1e /usr/lib/gcc/arm-none-eabi/9.2.1/thumb/v7e-m+fp/hard/crti.o
 .ARM.attributes
                0x000000000000001e       0x34 /usr/lib/gcc/arm-none-eabi/9.2.1/thumb/v7e-m+fp/hard/crtbegin.o
 .ARM.attributes
                0x0000000000000052       0x34 build/main.o
 .ARM.attributes
                0x0000000000000086       0x34 build/stm32f3xx_it.o
 .ARM.attributes
                0x00000000000000ba       0x34 build/stm32f3xx_hal_msp.o
 .ARM.attributes
                0x00000000000000ee       0x39 build/stm32f3xx_hal_tim.o
 .ARM.attributes
                0x0000000000000127       0x39 build/stm32f3xx_hal_tim_ex.o
 .ARM.attributes
                0x0000000000000160       0x39 build/stm32f3xx_hal_uart.o
 .ARM.attributes
                0x0000000000000199       0x39 build/stm32f3xx_hal_uart_ex.o
 .ARM.attributes
                0x00000000000001d2       0x39 build/stm32f3xx_hal.o
 .ARM.attributes
                0x000000000000020b       0x39 build/stm32f3xx_hal_rcc.o
 .ARM.attributes
                0x0000000000000244       0x39 build/stm32f3xx_hal_rcc_ex.o
 .ARM.attributes
                0x000000000000027d       0x39 build/stm32f3xx_hal_gpio.o
 .ARM.attributes
                0x00000000000002b6       0x39 build/stm32f3xx_hal_dma.o
 .ARM.attributes
                0x00000000000002ef       0x39 build/stm32f3xx_hal_cortex.o
 .ARM.attributes
                0x0000000000000328       0x39 build/system_stm32f3xx.o
 .ARM.attributes
                0x0000000000000361       0x34 build/gpio.o
 .ARM.attributes
                0x0000000000000395       0x34 build/tim.o
 .ARM.attributes
                0x00000000000003c9       0x34 build/usart.o
 .ARM.attributes
                0x00000000000003fd       0x39 build/ibus.o
 .ARM.attributes
                0x0000000000000436       0x39 build/ibus_stm32.o
 .ARM.attributes
                0x000000000000046f       0x39 build/tfmini.o
 .ARM.attributes
                0x00000000000004a8       0x39 build/tfmini_stm32.o
 .ARM.attributes
                0x00000000000004e1       0x34 build/dma.o
 .ARM.attributes
                0x0000000000000515       0x34 build/failsafe.o
 .ARM.attributes
                0x0000000000000549       0x21 build/startup_stm32f303xe.o
 .ARM.attributes
                0x000000000000056a       0x34 /usr/lib/gcc/arm-none-eabi/9.2.1/../../../arm-none-eabi/lib/thumb/v7e-m+fp/hard/libc_nano.a(lib_a-assert.o)
 .ARM.attributes
                0x000000000000059e       0x34 /usr/lib/gcc/arm-none-eabi/9.2.1/../../../arm-none-eabi/lib/thumb/v7e-m+fp/hard/libc_nano.a(lib_a-fprintf.o)
 .ARM.attributes
                0x00000000000005d2       0x32 /usr/lib/gcc/arm-none-eabi/9.2.1/../../../arm-none-eabi/lib/thumb/v7e-m+fp/hard/libc_nano.a(lib_a-impure.o)
 .ARM.attributes
                0x0000000000000604       0x34 /usr/lib/gcc/arm-none-eabi/9.2.1/../../../arm-none-eabi/lib/thumb/v7e-m+fp/hard/libc_nano.a(lib_a-init.o)
 .ARM.attributes
                0x0000000000000638       0x34 /usr/lib/gcc/arm-none-eabi/9.2.1/../../../arm-none-eabi/lib/thumb/v7e-m+fp/hard/libc_nano.a(lib_a-memset.o)
 .ARM.attributes
                0x000000000000066c       0x34 /usr/lib/gcc/arm-none-eabi/9.2.1/../../../arm-none-eabi/lib/thumb/v7e-m+fp/hard/libc_nano.a(lib_a-nano-vfprintf.o)
 .ARM.attributes
                0x00000000000006a0       0x34 /usr/lib/gcc/arm-none-eabi/9.2.1/../../../arm-none-eabi/lib/thumb/v7e-m+fp/hard/libc_nano.a(lib_a-nano-vfprintf_i.o)
 .ARM.attributes
                0x00000000000006d4       0x34 /usr/lib/gcc/arm-none-eabi/9.2.1/../../../arm-none-eabi/lib/thumb/v7e-m+fp/hard/libc_nano.a(lib_a-printf.o)
 .ARM.attributes
                0x0000000000000708       0x34 /usr/lib/gcc/arm-none-eabi/9.2.1/../../../arm-none-eabi/lib/thumb/v7e-m+fp/hard/libc_nano.a(lib_a-puts.o)
 .ARM.attributes
                0x000000000000073c       0x34 /usr/lib/gcc/arm-none-eabi/9.2.1/../../../arm-none-eabi/lib/thumb/v7e-m+fp/hard/libc_nano.a(lib_a-wbuf.o)
 .ARM.attributes
                0x0000000000000770       0x34 /usr/lib/gcc/arm-none-eabi/9.2.1/../../../arm-none-eabi/lib/thumb/v7e-m+fp/hard/libc_nano.a(lib_a-wsetup.o)
 .ARM.attributes
                0x00000000000007a4       0x34 /usr/lib/gcc/arm-none-eabi/9.2.1/../../../arm-none-eabi/lib/thumb/v7e-m+fp/hard/libc_nano.a(lib_a-abort.o)
 .ARM.attributes
                0x00000000000007d8       0x34 /usr/lib/gcc/arm-none-eabi/9.2.1/../../../arm-none-eabi/lib/thumb/v7e-m+fp/hard/libc_nano.a(lib_a-fflush.o)
 .ARM.attributes
                0x000000000000080c       0x34 /usr/lib/gcc/arm-none-eabi/9.2.1/../../../arm-none-eabi/lib/thumb/v7e-m+fp/hard/libc_nano.a(lib_a-findfp.o)
 .ARM.attributes
                0x0000000000000840       0x34 /usr/lib/gcc/arm-none-eabi/9.2.1/../../../arm-none-eabi/lib/thumb/v7e-m+fp/hard/libc_nano.a(lib_a-fvwrite.o)
 .ARM.attributes
                0x0000000000000874       0x34 /usr/lib/gcc/arm-none-eabi/9.2.1/../../../arm-none-eabi/lib/thumb/v7e-m+fp/hard/libc_nano.a(lib_a-fwalk.o)
 .ARM.attributes
                0x00000000000008a8       0x34 /usr/lib/gcc/arm-none-eabi/9.2.1/../../../arm-none-eabi/lib/thumb/v7e-m+fp/hard/libc_nano.a(lib_a-makebuf.o)
 .ARM.attributes
                0x00000000000008dc       0x1c /usr/lib/gcc/arm-none-eabi/9.2.1/../../../arm-none-eabi/lib/thumb/v7e-m+fp/hard/libc_nano.a(lib_a-memchr.o)
 .ARM.attributes
                0x00000000000008f8       0x1c /usr/lib/gcc/arm-none-eabi/9.2.1/../../../arm-none-eabi/lib/thumb/v7e-m+fp/hard/libc_nano.a(lib_a-memcpy.o)
 .ARM.attributes
                0x0000000000000914       0x34 /usr/lib/gcc/arm-none-eabi/9.2.1/../../../arm-none-eabi/lib/thumb/v7e-m+fp/hard/libc_nano.a(lib_a-memmove.o)
 .ARM.attributes
                0x0000000000000948       0x34 /usr/lib/gcc/arm-none-eabi/9.2.1/../../../arm-none-eabi/lib/thumb/v7e-m+fp/hard/libc_nano.a(lib_a-nano-freer.o)
 .ARM.attributes
                0x000000000000097c       0x34 /usr/lib/gcc/arm-none-eabi/9.2.1/../../../arm-none-eabi/lib/thumb/v7e-m+fp/hard/libc_nano.a(lib_a-nano-mallocr.o)
 .ARM.attributes
                0x00000000000009b0       0x34 /usr/lib/gcc/arm-none-eabi/9.2.1/../../../arm-none-eabi/lib/thumb/v7e-m+fp/hard/libc_nano.a(lib_a-nano-reallocr.o)
 .ARM.attributes
                0x00000000000009e4       0x34 /usr/lib/gcc/arm-none-eabi/9.2.1/../../../arm-none-eabi/lib/thumb/v7e-m+fp/hard/libc_nano.a(lib_a-sbrkr.o)
 .ARM.attributes
                0x0000000000000a18       0x34 /usr/lib/gcc/arm-none-eabi/9.2.1/../../../arm-none-eabi/lib/thumb/v7e-m+fp/hard/libc_nano.a(lib_a-signal.o)
 .ARM.attributes
                0x0000000000000a4c       0x34 /usr/lib/gcc/arm-none-eabi/9.2.1/../../../arm-none-eabi/lib/thumb/v7e-m+fp/hard/libc_nano.a(lib_a-signalr.o)
 .ARM.attributes
                0x0000000000000a80       0x34 /usr/lib/gcc/arm-none-eabi/9.2.1/../../../arm-none-eabi/lib/thumb/v7e-m+fp/hard/libc_nano.a(lib_a-stdio.o)
 .ARM.attributes
                0x0000000000000ab4       0x34 /usr/lib/gcc/arm-none-eabi/9.2.1/../../../arm-none-eabi/lib/thumb/v7e-m+fp/hard/libc_nano.a(lib_a-writer.o)
 .ARM.attributes
                0x0000000000000ae8       0x34 /usr/lib/gcc/arm-none-eabi/9.2.1/../../../arm-none-eabi/lib/thumb/v7e-m+fp/hard/libc_nano.a(lib_a-closer.o)
 .ARM.attributes
                0x0000000000000b1c       0x34 /usr/lib/gcc/arm-none-eabi/9.2.1/../../../arm-none-eabi/lib/thumb/v7e-m+fp/hard/libc_nano.a(lib_a-fstatr.o)
 .ARM.attributes
                0x0000000000000b50       0x34 /usr/lib/gcc/arm-none-eabi/9.2.1/../../../arm-none-eabi/lib/thumb/v7e-m+fp/hard/libc_nano.a(lib_a-isattyr.o)
 .ARM.attributes
                0x0000000000000b84       0x34 /usr/lib/gcc/arm-none-eabi/9.2.1/../../../arm-none-eabi/lib/thumb/v7e-m+fp/hard/libc_nano.a(lib_a-lseekr.o)
 .ARM.attributes
                0x0000000000000bb8       0x34 /usr/lib/gcc/arm-none-eabi/9.2.1/../../../arm-none-eabi/lib/thumb/v7e-m+fp/hard/libc_nano.a(lib_a-mlock.o)
 .ARM.attributes
                0x0000000000000bec       0x34 /usr/lib/gcc/arm-none-eabi/9.2.1/../../../arm-none-eabi/lib/thumb/v7e-m+fp/hard/libc_nano.a(lib_a-nano-msizer.o)
 .ARM.attributes
                0x0000000000000c20       0x34 /usr/lib/gcc/arm-none-eabi/9.2.1/../../../arm-none-eabi/lib/thumb/v7e-m+fp/hard/libc_nano.a(lib_a-readr.o)
 .ARM.attributes
                0x0000000000000c54       0x34 /usr/lib/gcc/arm-none-eabi/9.2.1/../../../arm-none-eabi/lib/thumb/v7e-m+fp/hard/libc_nano.a(lib_a-reent.o)
 .ARM.attributes
                0x0000000000000c88       0x34 /usr/lib/gcc/arm-none-eabi/9.2.1/../../../arm-none-eabi/lib/thumb/v7e-m+fp/hard/libm.a(lib_a-sf_cos.o)
 .ARM.attributes
                0x0000000000000cbc       0x34 /usr/lib/gcc/arm-none-eabi/9.2.1/../../../arm-none-eabi/lib/thumb/v7e-m+fp/hard/libm.a(lib_a-ef_rem_pio2.o)
 .ARM.attributes
                0x0000000000000cf0       0x34 /usr/lib/gcc/arm-none-eabi/9.2.1/../../../arm-none-eabi/lib/thumb/v7e-m+fp/hard/libm.a(lib_a-kf_cos.o)
 .ARM.attributes
                0x0000000000000d24       0x34 /usr/lib/gcc/arm-none-eabi/9.2.1/../../../arm-none-eabi/lib/thumb/v7e-m+fp/hard/libm.a(lib_a-kf_rem_pio2.o)
 .ARM.attributes
                0x0000000000000d58       0x34 /usr/lib/gcc/arm-none-eabi/9.2.1/../../../arm-none-eabi/lib/thumb/v7e-m+fp/hard/libm.a(lib_a-kf_sin.o)
 .ARM.attributes
                0x0000000000000d8c       0x34 /usr/lib/gcc/arm-none-eabi/9.2.1/../../../arm-none-eabi/lib/thumb/v7e-m+fp/hard/libm.a(lib_a-sf_fabs.o)
 .ARM.attributes
                0x0000000000000dc0       0x34 /usr/lib/gcc/arm-none-eabi/9.2.1/../../../arm-none-eabi/lib/thumb/v7e-m+fp/hard/libm.a(lib_a-sf_floor.o)
 .ARM.attributes
                0x0000000000000df4       0x34 /usr/lib/gcc/arm-none-eabi/9.2.1/../../../arm-none-eabi/lib/thumb/v7e-m+fp/hard/libm.a(lib_a-sf_scalbn.o)
 .ARM.attributes
                0x0000000000000e28       0x34 /usr/lib/gcc/arm-none-eabi/9.2.1/../../../arm-none-eabi/lib/thumb/v7e-m+fp/hard/libnosys.a(close.o)
 .ARM.attributes
                0x0000000000000e5c       0x34 /usr/lib/gcc/arm-none-eabi/9.2.1/../../../arm-none-eabi/lib/thumb/v7e-m+fp/hard/libnosys.a(fstat.o)
 .ARM.attributes
                0x0000000000000e90       0x34 /usr/lib/gcc/arm-none-eabi/9.2.1/../../../arm-none-eabi/lib/thumb/v7e-m+fp/hard/libnosys.a(getpid.o)
 .ARM.attributes
                0x0000000000000ec4       0x34 /usr/lib/gcc/arm-none-eabi/9.2.1/../../../arm-none-eabi/lib/thumb/v7e-m+fp/hard/libnosys.a(isatty.o)
 .ARM.attributes
                0x0000000000000ef8       0x34 /usr/lib/gcc/arm-none-eabi/9.2.1/../../../arm-none-eabi/lib/thumb/v7e-m+fp/hard/libnosys.a(kill.o)
 .ARM.attributes
                0x0000000000000f2c       0x34 /usr/lib/gcc/arm-none-eabi/9.2.1/../../../arm-none-eabi/lib/thumb/v7e-m+fp/hard/libnosys.a(lseek.o)
 .ARM.attributes
                0x0000000000000f60       0x34 /usr/lib/gcc/arm-none-eabi/9.2.1/../../../arm-none-eabi/lib/thumb/v7e-m+fp/hard/libnosys.a(read.o)
 .ARM.attributes
                0x0000000000000f94       0x34 /usr/lib/gcc/arm-none-eabi/9.2.1/../../../arm-none-eabi/lib/thumb/v7e-m+fp/hard/libnosys.a(sbrk.o)
 .ARM.attributes
                0x0000000000000fc8       0x34 /usr/lib/gcc/arm-none-eabi/9.2.1/../../../arm-none-eabi/lib/thumb/v7e-m+fp/hard/libnosys.a(_exit.o)
 .ARM.attributes
                0x0000000000000ffc       0x32 /usr/lib/gcc/arm-none-eabi/9.2.1/thumb/v7e-m+fp/hard/crtend.o
 .ARM.attributes
                0x000000000000102e       0x1e /usr/lib/gcc/arm-none-eabi/9.2.1/thumb/v7e-m+fp/hard/crtn.o
OUTPUT(build/JuuksurStm32.elf elf32-littlearm)
LOAD linker stubs
LOAD /usr/lib/gcc/arm-none-eabi/9.2.1/../../../arm-none-eabi/lib/thumb/v7e-m+fp/hard/libc.a
LOAD /usr/lib/gcc/arm-none-eabi/9.2.1/../../../arm-none-eabi/lib/thumb/v7e-m+fp/hard/libm.a
LOAD /usr/lib/gcc/arm-none-eabi/9.2.1/thumb/v7e-m+fp/hard/libgcc.a

.comment        0x0000000000000000       0xfe
 .comment       0x0000000000000000       0x59 /usr/lib/gcc/arm-none-eabi/9.2.1/thumb/v7e-m+fp/hard/crtbegin.o
                                         0x5a (size before relaxing)
 .comment       0x0000000000000059       0x5a build/main.o
 .comment       0x0000000000000059       0x5a build/stm32f3xx_it.o
 .comment       0x0000000000000059       0x5a build/stm32f3xx_hal_msp.o
 .comment       0x0000000000000059       0x57 build/stm32f3xx_hal_tim.o
                                         0x58 (size before relaxing)
 .comment       0x00000000000000b0       0x58 build/stm32f3xx_hal_tim_ex.o
 .comment       0x00000000000000b0       0x58 build/stm32f3xx_hal_uart.o
 .comment       0x00000000000000b0       0x58 build/stm32f3xx_hal_uart_ex.o
 .comment       0x00000000000000b0       0x58 build/stm32f3xx_hal.o
 .comment       0x00000000000000b0       0x58 build/stm32f3xx_hal_rcc.o
 .comment       0x00000000000000b0       0x58 build/stm32f3xx_hal_rcc_ex.o
 .comment       0x00000000000000b0       0x58 build/stm32f3xx_hal_gpio.o
 .comment       0x00000000000000b0       0x58 build/stm32f3xx_hal_dma.o
 .comment       0x00000000000000b0       0x58 build/stm32f3xx_hal_cortex.o
 .comment       0x00000000000000b0       0x58 build/system_stm32f3xx.o
 .comment       0x00000000000000b0       0x5a build/gpio.o
 .comment       0x00000000000000b0       0x5a build/tim.o
 .comment       0x00000000000000b0       0x5a build/usart.o
 .comment       0x00000000000000b0       0x58 build/ibus.o
 .comment       0x00000000000000b0       0x58 build/ibus_stm32.o
 .comment       0x00000000000000b0       0x58 build/tfmini.o
 .comment       0x00000000000000b0       0x58 build/tfmini_stm32.o
 .comment       0x00000000000000b0       0x5a build/dma.o
 .comment       0x00000000000000b0       0x5a build/failsafe.o
 .comment       0x00000000000000b0       0x4e /usr/lib/gcc/arm-none-eabi/9.2.1/../../../arm-none-eabi/lib/thumb/v7e-m+fp/hard/libc_nano.a(lib_a-assert.o)
                                         0x4f (size before relaxing)
 .comment       0x00000000000000fe       0x4f /usr/lib/gcc/arm-none-eabi/9.2.1/../../../arm-none-eabi/lib/thumb/v7e-m+fp/hard/libc_nano.a(lib_a-fprintf.o)
 .comment       0x00000000000000fe       0x4f /usr/lib/gcc/arm-none-eabi/9.2.1/../../../arm-none-eabi/lib/thumb/v7e-m+fp/hard/libc_nano.a(lib_a-impure.o)
 .comment       0x00000000000000fe       0x4f /usr/lib/gcc/arm-none-eabi/9.2.1/../../../arm-none-eabi/lib/thumb/v7e-m+fp/hard/libc_nano.a(lib_a-init.o)
 .comment       0x00000000000000fe       0x4f /usr/lib/gcc/arm-none-eabi/9.2.1/../../../arm-none-eabi/lib/thumb/v7e-m+fp/hard/libc_nano.a(lib_a-memset.o)
 .comment       0x00000000000000fe       0x4f /usr/lib/gcc/arm-none-eabi/9.2.1/../../../arm-none-eabi/lib/thumb/v7e-m+fp/hard/libc_nano.a(lib_a-nano-vfprintf.o)
 .comment       0x00000000000000fe       0x4f /usr/lib/gcc/arm-none-eabi/9.2.1/../../../arm-none-eabi/lib/thumb/v7e-m+fp/hard/libc_nano.a(lib_a-nano-vfprintf_i.o)
 .comment       0x00000000000000fe       0x4f /usr/lib/gcc/arm-none-eabi/9.2.1/../../../arm-none-eabi/lib/thumb/v7e-m+fp/hard/libc_nano.a(lib_a-printf.o)
 .comment       0x00000000000000fe       0x4f /usr/lib/gcc/arm-none-eabi/9.2.1/../../../arm-none-eabi/lib/thumb/v7e-m+fp/hard/libc_nano.a(lib_a-puts.o)
 .comment       0x00000000000000fe       0x4f /usr/lib/gcc/arm-none-eabi/9.2.1/../../../arm-none-eabi/lib/thumb/v7e-m+fp/hard/libc_nano.a(lib_a-wbuf.o)
 .comment       0x00000000000000fe       0x4f /usr/lib/gcc/arm-none-eabi/9.2.1/../../../arm-none-eabi/lib/thumb/v7e-m+fp/hard/libc_nano.a(lib_a-wsetup.o)
 .comment       0x00000000000000fe       0x4f /usr/lib/gcc/arm-none-eabi/9.2.1/../../../arm-none-eabi/lib/thumb/v7e-m+fp/hard/libc_nano.a(lib_a-abort.o)
 .comment       0x00000000000000fe       0x4f /usr/lib/gcc/arm-none-eabi/9.2.1/../../../arm-none-eabi/lib/thumb/v7e-m+fp/hard/libc_nano.a(lib_a-fflush.o)
 .comment       0x00000000000000fe       0x4f /usr/lib/gcc/arm-none-eabi/9.2.1/../../../arm-none-eabi/lib/thumb/v7e-m+fp/hard/libc_nano.a(lib_a-findfp.o)
 .comment       0x00000000000000fe       0x4f /usr/lib/gcc/arm-none-eabi/9.2.1/../../../arm-none-eabi/lib/thumb/v7e-m+fp/hard/libc_nano.a(lib_a-fvwrite.o)
 .comment       0x00000000000000fe       0x4f /usr/lib/gcc/arm-none-eabi/9.2.1/../../../arm-none-eabi/lib/thumb/v7e-m+fp/hard/libc_nano.a(lib_a-fwalk.o)
 .comment       0x00000000000000fe       0x4f /usr/lib/gcc/arm-none-eabi/9.2.1/../../../arm-none-eabi/lib/thumb/v7e-m+fp/hard/libc_nano.a(lib_a-makebuf.o)
 .comment       0x00000000000000fe       0x4f /usr/lib/gcc/arm-none-eabi/9.2.1/../../../arm-none-eabi/lib/thumb/v7e-m+fp/hard/libc_nano.a(lib_a-memmove.o)
 .comment       0x00000000000000fe       0x4f /usr/lib/gcc/arm-none-eabi/9.2.1/../../../arm-none-eabi/lib/thumb/v7e-m+fp/hard/libc_nano.a(lib_a-nano-freer.o)
 .comment       0x00000000000000fe       0x4f /usr/lib/gcc/arm-none-eabi/9.2.1/../../../arm-none-eabi/lib/thumb/v7e-m+fp/hard/libc_nano.a(lib_a-nano-mallocr.o)
 .comment       0x00000000000000fe       0x4f /usr/lib/gcc/arm-none-eabi/9.2.1/../../../arm-none-eabi/lib/thumb/v7e-m+fp/hard/libc_nano.a(lib_a-nano-reallocr.o)
 .comment       0x00000000000000fe       0x4f /usr/lib/gcc/arm-none-eabi/9.2.1/../../../arm-none-eabi/lib/thumb/v7e-m+fp/hard/libc_nano.a(lib_a-sbrkr.o)
 .comment       0x00000000000000fe       0x4f /usr/lib/gcc/arm-none-eabi/9.2.1/../../../arm-none-eabi/lib/thumb/v7e-m+fp/hard/libc_nano.a(lib_a-signal.o)
 .comment       0x00000000000000fe       0x4f /usr/lib/gcc/arm-none-eabi/9.2.1/../../../arm-none-eabi/lib/thumb/v7e-m+fp/hard/libc_nano.a(lib_a-signalr.o)
 .comment       0x00000000000000fe       0x4f /usr/lib/gcc/arm-none-eabi/9.2.1/../../../arm-none-eabi/lib/thumb/v7e-m+fp/hard/libc_nano.a(lib_a-stdio.o)
 .comment       0x00000000000000fe       0x4f /usr/lib/gcc/arm-none-eabi/9.2.1/../../../arm-none-eabi/lib/thumb/v7e-m+fp/hard/libc_nano.a(lib_a-writer.o)
 .comment       0x00000000000000fe       0x4f /usr/lib/gcc/arm-none-eabi/9.2.1/../../../arm-none-eabi/lib/thumb/v7e-m+fp/hard/libc_nano.a(lib_a-closer.o)
 .comment       0x00000000000000fe       0x4f /usr/lib/gcc/arm-none-eabi/9.2.1/../../../arm-none-eabi/lib/thumb/v7e-m+fp/hard/libc_nano.a(lib_a-fstatr.o)
 .comment       0x00000000000000fe       0x4f /usr/lib/gcc/arm-none-eabi/9.2.1/../../../arm-none-eabi/lib/thumb/v7e-m+fp/hard/libc_nano.a(lib_a-isattyr.o)
 .comment       0x00000000000000fe       0x4f /usr/lib/gcc/arm-none-eabi/9.2.1/../../../arm-none-eabi/lib/thumb/v7e-m+fp/hard/libc_nano.a(lib_a-lseekr.o)
 .comment       0x00000000000000fe       0x4f /usr/lib/gcc/arm-none-eabi/9.2.1/../../../arm-none-eabi/lib/thumb/v7e-m+fp/hard/libc_nano.a(lib_a-mlock.o)
 .comment       0x00000000000000fe       0x4f /usr/lib/gcc/arm-none-eabi/9.2.1/../../../arm-none-eabi/lib/thumb/v7e-m+fp/hard/libc_nano.a(lib_a-nano-msizer.o)
 .comment       0x00000000000000fe       0x4f /usr/lib/gcc/arm-none-eabi/9.2.1/../../../arm-none-eabi/lib/thumb/v7e-m+fp/hard/libc_nano.a(lib_a-readr.o)
 .comment       0x00000000000000fe       0x4f /usr/lib/gcc/arm-none-eabi/9.2.1/../../../arm-none-eabi/lib/thumb/v7e-m+fp/hard/libc_nano.a(lib_a-reent.o)
 .comment       0x00000000000000fe       0x4f /usr/lib/gcc/arm-none-eabi/9.2.1/../../../arm-none-eabi/lib/thumb/v7e-m+fp/hard/libm.a(lib_a-sf_cos.o)
 .comment       0x00000000000000fe       0x4f /usr/lib/gcc/arm-none-eabi/9.2.1/../../../arm-none-eabi/lib/thumb/v7e-m+fp/hard/libm.a(lib_a-ef_rem_pio2.o)
 .comment       0x00000000000000fe       0x4f /usr/lib/gcc/arm-none-eabi/9.2.1/../../../arm-none-eabi/lib/thumb/v7e-m+fp/hard/libm.a(lib_a-kf_cos.o)
 .comment       0x00000000000000fe       0x4f /usr/lib/gcc/arm-none-eabi/9.2.1/../../../arm-none-eabi/lib/thumb/v7e-m+fp/hard/libm.a(lib_a-kf_rem_pio2.o)
 .comment       0x00000000000000fe       0x4f /usr/lib/gcc/arm-none-eabi/9.2.1/../../../arm-none-eabi/lib/thumb/v7e-m+fp/hard/libm.a(lib_a-kf_sin.o)
 .comment       0x00000000000000fe       0x4f /usr/lib/gcc/arm-none-eabi/9.2.1/../../../arm-none-eabi/lib/thumb/v7e-m+fp/hard/libm.a(lib_a-sf_fabs.o)
 .comment       0x00000000000000fe       0x4f /usr/lib/gcc/arm-none-eabi/9.2.1/../../../arm-none-eabi/lib/thumb/v7e-m+fp/hard/libm.a(lib_a-sf_floor.o)
 .comment       0x00000000000000fe       0x4f /usr/lib/gcc/arm-none-eabi/9.2.1/../../../arm-none-eabi/lib/thumb/v7e-m+fp/hard/libm.a(lib_a-sf_scalbn.o)
 .comment       0x00000000000000fe       0x4f /usr/lib/gcc/arm-none-eabi/9.2.1/../../../arm-none-eabi/lib/thumb/v7e-m+fp/hard/libnosys.a(close.o)
 .comment       0x00000000000000fe       0x4f /usr/lib/gcc/arm-none-eabi/9.2.1/../../../arm-none-eabi/lib/thumb/v7e-m+fp/hard/libnosys.a(fstat.o)
 .comment       0x00000000000000fe       0x4f /usr/lib/gcc/arm-none-eabi/9.2.1/../../../arm-none-eabi/lib/thumb/v7e-m+fp/hard/libnosys.a(getpid.o)
 .comment       0x00000000000000fe       0x4f /usr/lib/gcc/arm-none-eabi/9.2.1/../../../arm-none-eabi/lib/thumb/v7e-m+fp/hard/libnosys.a(isatty.o)
 .comment       0x00000000000000fe       0x4f /usr/lib/gcc/arm-none-eabi/9.2.1/../../../arm-none-eabi/lib/thumb/v7e-m+fp/hard/libnosys.a(kill.o)
 .comment       0x00000000000000fe       0x4f /usr/lib/gcc/arm-none-eabi/9.2.1/../../../arm-none-eabi/lib/thumb/v7e-m+fp/hard/libnosys.a(lseek.o)
 .comment       0x00000000000000fe       0x4f /usr/lib/gcc/arm-none-eabi/9.2.1/../../../arm-none-eabi/lib/thumb/v7e-m+fp/hard/libnosys.a(read.o)
 .comment       0x00000000000000fe       0x4f /usr/lib/gcc/arm-none-eabi/9.2.1/../../../arm-none-eabi/lib/thumb/v7e-m+fp/hard/libnosys.a(sbrk.o)
 .comment       0x00000000000000fe       0x4f /usr/lib/gcc/arm-none-eabi/9.2.1/../../../arm-none-eabi/lib/thumb/v7e-m+fp/hard/libnosys.a(_exit.o)
 .comment       0x00000000000000fe       0x5a /usr/lib/gcc/arm-none-eabi/9.2.1/thumb/v7e-m+fp/hard/crtend.o

.debug_info     0x0000000000000000    0x474f5
 .debug_info    0x0000000000000000     0x2522 build/main.o
 .debug_info    0x0000000000002522     0x1c63 build/stm32f3xx_it.o
 .debug_info    0x0000000000004185     0x1a6f build/stm32f3xx_hal_msp.o
 .debug_info    0x0000000000005bf4     0x3bcf build/stm32f3xx_hal_tim.o
 .debug_info    0x00000000000097c3     0x2162 build/stm32f3xx_hal_tim_ex.o
 .debug_info    0x000000000000b925     0x24db build/stm32f3xx_hal_uart.o
 .debug_info    0x000000000000de00     0x133a build/stm32f3xx_hal_uart_ex.o
 .debug_info    0x000000000000f13a     0x125d build/stm32f3xx_hal.o
 .debug_info    0x0000000000010397     0x1e18 build/stm32f3xx_hal_rcc.o
 .debug_info    0x00000000000121af     0x11b5 build/stm32f3xx_hal_rcc_ex.o
 .debug_info    0x0000000000013364     0x1176 build/stm32f3xx_hal_gpio.o
 .debug_info    0x00000000000144da     0x11f7 build/stm32f3xx_hal_dma.o
 .debug_info    0x00000000000156d1     0x18fc build/stm32f3xx_hal_cortex.o
 .debug_info    0x0000000000016fcd      0xdb1 build/system_stm32f3xx.o
 .debug_info    0x0000000000017d7e     0x19b3 build/gpio.o
 .debug_info    0x0000000000019731     0x20b9 build/tim.o
 .debug_info    0x000000000001b7ea     0x22cc build/usart.o
 .debug_info    0x000000000001dab6     0x1052 build/ibus.o
 .debug_info    0x000000000001eb08     0x177f build/ibus_stm32.o
 .debug_info    0x0000000000020287      0x192 build/tfmini.o
 .debug_info    0x0000000000020419     0x1345 build/tfmini_stm32.o
 .debug_info    0x000000000002175e     0x1a3d build/dma.o
 .debug_info    0x000000000002319b      0x3ae build/failsafe.o
 .debug_info    0x0000000000023549       0x22 build/startup_stm32f303xe.o
 .debug_info    0x000000000002356b      0xa41 /usr/lib/gcc/arm-none-eabi/9.2.1/../../../arm-none-eabi/lib/thumb/v7e-m+fp/hard/libc_nano.a(lib_a-assert.o)
 .debug_info    0x0000000000023fac      0xa7a /usr/lib/gcc/arm-none-eabi/9.2.1/../../../arm-none-eabi/lib/thumb/v7e-m+fp/hard/libc_nano.a(lib_a-fprintf.o)
 .debug_info    0x0000000000024a26      0x92a /usr/lib/gcc/arm-none-eabi/9.2.1/../../../arm-none-eabi/lib/thumb/v7e-m+fp/hard/libc_nano.a(lib_a-impure.o)
 .debug_info    0x0000000000025350      0x11a /usr/lib/gcc/arm-none-eabi/9.2.1/../../../arm-none-eabi/lib/thumb/v7e-m+fp/hard/libc_nano.a(lib_a-init.o)
 .debug_info    0x000000000002546a      0xf21 /usr/lib/gcc/arm-none-eabi/9.2.1/../../../arm-none-eabi/lib/thumb/v7e-m+fp/hard/libc_nano.a(lib_a-memset.o)
 .debug_info    0x000000000002638b     0x176a /usr/lib/gcc/arm-none-eabi/9.2.1/../../../arm-none-eabi/lib/thumb/v7e-m+fp/hard/libc_nano.a(lib_a-nano-vfprintf.o)
 .debug_info    0x0000000000027af5     0x1592 /usr/lib/gcc/arm-none-eabi/9.2.1/../../../arm-none-eabi/lib/thumb/v7e-m+fp/hard/libc_nano.a(lib_a-nano-vfprintf_i.o)
 .debug_info    0x0000000000029087      0xc67 /usr/lib/gcc/arm-none-eabi/9.2.1/../../../arm-none-eabi/lib/thumb/v7e-m+fp/hard/libc_nano.a(lib_a-printf.o)
 .debug_info    0x0000000000029cee      0xd13 /usr/lib/gcc/arm-none-eabi/9.2.1/../../../arm-none-eabi/lib/thumb/v7e-m+fp/hard/libc_nano.a(lib_a-puts.o)
 .debug_info    0x000000000002aa01      0xc90 /usr/lib/gcc/arm-none-eabi/9.2.1/../../../arm-none-eabi/lib/thumb/v7e-m+fp/hard/libc_nano.a(lib_a-wbuf.o)
 .debug_info    0x000000000002b691      0xbfa /usr/lib/gcc/arm-none-eabi/9.2.1/../../../arm-none-eabi/lib/thumb/v7e-m+fp/hard/libc_nano.a(lib_a-wsetup.o)
 .debug_info    0x000000000002c28b      0x9b5 /usr/lib/gcc/arm-none-eabi/9.2.1/../../../arm-none-eabi/lib/thumb/v7e-m+fp/hard/libc_nano.a(lib_a-abort.o)
 .debug_info    0x000000000002cc40      0xd73 /usr/lib/gcc/arm-none-eabi/9.2.1/../../../arm-none-eabi/lib/thumb/v7e-m+fp/hard/libc_nano.a(lib_a-fflush.o)
 .debug_info    0x000000000002d9b3     0x11a8 /usr/lib/gcc/arm-none-eabi/9.2.1/../../../arm-none-eabi/lib/thumb/v7e-m+fp/hard/libc_nano.a(lib_a-findfp.o)
 .debug_info    0x000000000002eb5b      0xeed /usr/lib/gcc/arm-none-eabi/9.2.1/../../../arm-none-eabi/lib/thumb/v7e-m+fp/hard/libc_nano.a(lib_a-fvwrite.o)
 .debug_info    0x000000000002fa48      0xca4 /usr/lib/gcc/arm-none-eabi/9.2.1/../../../arm-none-eabi/lib/thumb/v7e-m+fp/hard/libc_nano.a(lib_a-fwalk.o)
 .debug_info    0x00000000000306ec      0xf68 /usr/lib/gcc/arm-none-eabi/9.2.1/../../../arm-none-eabi/lib/thumb/v7e-m+fp/hard/libc_nano.a(lib_a-makebuf.o)
 .debug_info    0x0000000000031654       0x26 /usr/lib/gcc/arm-none-eabi/9.2.1/../../../arm-none-eabi/lib/thumb/v7e-m+fp/hard/libc_nano.a(lib_a-memchr.o)
 .debug_info    0x000000000003167a       0x26 /usr/lib/gcc/arm-none-eabi/9.2.1/../../../arm-none-eabi/lib/thumb/v7e-m+fp/hard/libc_nano.a(lib_a-memcpy.o)
 .debug_info    0x00000000000316a0      0xf2b /usr/lib/gcc/arm-none-eabi/9.2.1/../../../arm-none-eabi/lib/thumb/v7e-m+fp/hard/libc_nano.a(lib_a-memmove.o)
 .debug_info    0x00000000000325cb      0xb85 /usr/lib/gcc/arm-none-eabi/9.2.1/../../../arm-none-eabi/lib/thumb/v7e-m+fp/hard/libc_nano.a(lib_a-nano-freer.o)
 .debug_info    0x0000000000033150      0xc5a /usr/lib/gcc/arm-none-eabi/9.2.1/../../../arm-none-eabi/lib/thumb/v7e-m+fp/hard/libc_nano.a(lib_a-nano-mallocr.o)
 .debug_info    0x0000000000033daa      0xb77 /usr/lib/gcc/arm-none-eabi/9.2.1/../../../arm-none-eabi/lib/thumb/v7e-m+fp/hard/libc_nano.a(lib_a-nano-reallocr.o)
 .debug_info    0x0000000000034921      0x9fb /usr/lib/gcc/arm-none-eabi/9.2.1/../../../arm-none-eabi/lib/thumb/v7e-m+fp/hard/libc_nano.a(lib_a-sbrkr.o)
 .debug_info    0x000000000003531c      0xd5c /usr/lib/gcc/arm-none-eabi/9.2.1/../../../arm-none-eabi/lib/thumb/v7e-m+fp/hard/libc_nano.a(lib_a-signal.o)
 .debug_info    0x0000000000036078      0xa44 /usr/lib/gcc/arm-none-eabi/9.2.1/../../../arm-none-eabi/lib/thumb/v7e-m+fp/hard/libc_nano.a(lib_a-signalr.o)
 .debug_info    0x0000000000036abc      0xe67 /usr/lib/gcc/arm-none-eabi/9.2.1/../../../arm-none-eabi/lib/thumb/v7e-m+fp/hard/libc_nano.a(lib_a-stdio.o)
 .debug_info    0x0000000000037923      0xa2c /usr/lib/gcc/arm-none-eabi/9.2.1/../../../arm-none-eabi/lib/thumb/v7e-m+fp/hard/libc_nano.a(lib_a-writer.o)
 .debug_info    0x000000000003834f      0x9d8 /usr/lib/gcc/arm-none-eabi/9.2.1/../../../arm-none-eabi/lib/thumb/v7e-m+fp/hard/libc_nano.a(lib_a-closer.o)
 .debug_info    0x0000000000038d27      0xc24 /usr/lib/gcc/arm-none-eabi/9.2.1/../../../arm-none-eabi/lib/thumb/v7e-m+fp/hard/libc_nano.a(lib_a-fstatr.o)
 .debug_info    0x000000000003994b      0x9d8 /usr/lib/gcc/arm-none-eabi/9.2.1/../../../arm-none-eabi/lib/thumb/v7e-m+fp/hard/libc_nano.a(lib_a-isattyr.o)
 .debug_info    0x000000000003a323      0xa0d /usr/lib/gcc/arm-none-eabi/9.2.1/../../../arm-none-eabi/lib/thumb/v7e-m+fp/hard/libc_nano.a(lib_a-lseekr.o)
 .debug_info    0x000000000003ad30      0x961 /usr/lib/gcc/arm-none-eabi/9.2.1/../../../arm-none-eabi/lib/thumb/v7e-m+fp/hard/libc_nano.a(lib_a-mlock.o)
 .debug_info    0x000000000003b691      0xaa6 /usr/lib/gcc/arm-none-eabi/9.2.1/../../../arm-none-eabi/lib/thumb/v7e-m+fp/hard/libc_nano.a(lib_a-nano-msizer.o)
 .debug_info    0x000000000003c137      0xa25 /usr/lib/gcc/arm-none-eabi/9.2.1/../../../arm-none-eabi/lib/thumb/v7e-m+fp/hard/libc_nano.a(lib_a-readr.o)
 .debug_info    0x000000000003cb5c      0xb0f /usr/lib/gcc/arm-none-eabi/9.2.1/../../../arm-none-eabi/lib/thumb/v7e-m+fp/hard/libc_nano.a(lib_a-reent.o)
 .debug_info    0x000000000003d66b      0xaac /usr/lib/gcc/arm-none-eabi/9.2.1/../../../arm-none-eabi/lib/thumb/v7e-m+fp/hard/libm.a(lib_a-sf_cos.o)
 .debug_info    0x000000000003e117      0xcbb /usr/lib/gcc/arm-none-eabi/9.2.1/../../../arm-none-eabi/lib/thumb/v7e-m+fp/hard/libm.a(lib_a-ef_rem_pio2.o)
 .debug_info    0x000000000003edd2      0xaef /usr/lib/gcc/arm-none-eabi/9.2.1/../../../arm-none-eabi/lib/thumb/v7e-m+fp/hard/libm.a(lib_a-kf_cos.o)
 .debug_info    0x000000000003f8c1      0xcb6 /usr/lib/gcc/arm-none-eabi/9.2.1/../../../arm-none-eabi/lib/thumb/v7e-m+fp/hard/libm.a(lib_a-kf_rem_pio2.o)
 .debug_info    0x0000000000040577      0xab4 /usr/lib/gcc/arm-none-eabi/9.2.1/../../../arm-none-eabi/lib/thumb/v7e-m+fp/hard/libm.a(lib_a-kf_sin.o)
 .debug_info    0x000000000004102b      0xa00 /usr/lib/gcc/arm-none-eabi/9.2.1/../../../arm-none-eabi/lib/thumb/v7e-m+fp/hard/libm.a(lib_a-sf_fabs.o)
 .debug_info    0x0000000000041a2b      0xa4a /usr/lib/gcc/arm-none-eabi/9.2.1/../../../arm-none-eabi/lib/thumb/v7e-m+fp/hard/libm.a(lib_a-sf_floor.o)
 .debug_info    0x0000000000042475      0xabe /usr/lib/gcc/arm-none-eabi/9.2.1/../../../arm-none-eabi/lib/thumb/v7e-m+fp/hard/libm.a(lib_a-sf_scalbn.o)
 .debug_info    0x0000000000042f33      0x96e /usr/lib/gcc/arm-none-eabi/9.2.1/../../../arm-none-eabi/lib/thumb/v7e-m+fp/hard/libnosys.a(close.o)
 .debug_info    0x00000000000438a1      0xbb1 /usr/lib/gcc/arm-none-eabi/9.2.1/../../../arm-none-eabi/lib/thumb/v7e-m+fp/hard/libnosys.a(fstat.o)
 .debug_info    0x0000000000044452      0x959 /usr/lib/gcc/arm-none-eabi/9.2.1/../../../arm-none-eabi/lib/thumb/v7e-m+fp/hard/libnosys.a(getpid.o)
 .debug_info    0x0000000000044dab      0x96e /usr/lib/gcc/arm-none-eabi/9.2.1/../../../arm-none-eabi/lib/thumb/v7e-m+fp/hard/libnosys.a(isatty.o)
 .debug_info    0x0000000000045719      0x97c /usr/lib/gcc/arm-none-eabi/9.2.1/../../../arm-none-eabi/lib/thumb/v7e-m+fp/hard/libnosys.a(kill.o)
 .debug_info    0x0000000000046095      0x990 /usr/lib/gcc/arm-none-eabi/9.2.1/../../../arm-none-eabi/lib/thumb/v7e-m+fp/hard/libnosys.a(lseek.o)
 .debug_info    0x0000000000046a25      0x990 /usr/lib/gcc/arm-none-eabi/9.2.1/../../../arm-none-eabi/lib/thumb/v7e-m+fp/hard/libnosys.a(read.o)
 .debug_info    0x00000000000473b5       0x9d /usr/lib/gcc/arm-none-eabi/9.2.1/../../../arm-none-eabi/lib/thumb/v7e-m+fp/hard/libnosys.a(sbrk.o)
 .debug_info    0x0000000000047452       0xa3 /usr/lib/gcc/arm-none-eabi/9.2.1/../../../arm-none-eabi/lib/thumb/v7e-m+fp/hard/libnosys.a(_exit.o)

.debug_abbrev   0x0000000000000000     0xadb6
 .debug_abbrev  0x0000000000000000      0x3e4 build/main.o
 .debug_abbrev  0x00000000000003e4      0x265 build/stm32f3xx_it.o
 .debug_abbrev  0x0000000000000649      0x25a build/stm32f3xx_hal_msp.o
 .debug_abbrev  0x00000000000008a3      0x310 build/stm32f3xx_hal_tim.o
 .debug_abbrev  0x0000000000000bb3      0x2f8 build/stm32f3xx_hal_tim_ex.o
 .debug_abbrev  0x0000000000000eab      0x31c build/stm32f3xx_hal_uart.o
 .debug_abbrev  0x00000000000011c7      0x2a6 build/stm32f3xx_hal_uart_ex.o
 .debug_abbrev  0x000000000000146d      0x2c3 build/stm32f3xx_hal.o
 .debug_abbrev  0x0000000000001730      0x37d build/stm32f3xx_hal_rcc.o
 .debug_abbrev  0x0000000000001aad      0x318 build/stm32f3xx_hal_rcc_ex.o
 .debug_abbrev  0x0000000000001dc5      0x2be build/stm32f3xx_hal_gpio.o
 .debug_abbrev  0x0000000000002083      0x2ec build/stm32f3xx_hal_dma.o
 .debug_abbrev  0x000000000000236f      0x3c0 build/stm32f3xx_hal_cortex.o
 .debug_abbrev  0x000000000000272f      0x200 build/system_stm32f3xx.o
 .debug_abbrev  0x000000000000292f      0x251 build/gpio.o
 .debug_abbrev  0x0000000000002b80      0x2e0 build/tim.o
 .debug_abbrev  0x0000000000002e60      0x2f0 build/usart.o
 .debug_abbrev  0x0000000000003150      0x2ff build/ibus.o
 .debug_abbrev  0x000000000000344f      0x290 build/ibus_stm32.o
 .debug_abbrev  0x00000000000036df       0xef build/tfmini.o
 .debug_abbrev  0x00000000000037ce      0x23f build/tfmini_stm32.o
 .debug_abbrev  0x0000000000003a0d      0x25a build/dma.o
 .debug_abbrev  0x0000000000003c67      0x146 build/failsafe.o
 .debug_abbrev  0x0000000000003dad       0x12 build/startup_stm32f303xe.o
 .debug_abbrev  0x0000000000003dbf      0x1ff /usr/lib/gcc/arm-none-eabi/9.2.1/../../../arm-none-eabi/lib/thumb/v7e-m+fp/hard/libc_nano.a(lib_a-assert.o)
 .debug_abbrev  0x0000000000003fbe      0x23c /usr/lib/gcc/arm-none-eabi/9.2.1/../../../arm-none-eabi/lib/thumb/v7e-m+fp/hard/libc_nano.a(lib_a-fprintf.o)
 .debug_abbrev  0x00000000000041fa      0x17a /usr/lib/gcc/arm-none-eabi/9.2.1/../../../arm-none-eabi/lib/thumb/v7e-m+fp/hard/libc_nano.a(lib_a-impure.o)
 .debug_abbrev  0x0000000000004374       0xcc /usr/lib/gcc/arm-none-eabi/9.2.1/../../../arm-none-eabi/lib/thumb/v7e-m+fp/hard/libc_nano.a(lib_a-init.o)
 .debug_abbrev  0x0000000000004440      0x1d9 /usr/lib/gcc/arm-none-eabi/9.2.1/../../../arm-none-eabi/lib/thumb/v7e-m+fp/hard/libc_nano.a(lib_a-memset.o)
 .debug_abbrev  0x0000000000004619      0x337 /usr/lib/gcc/arm-none-eabi/9.2.1/../../../arm-none-eabi/lib/thumb/v7e-m+fp/hard/libc_nano.a(lib_a-nano-vfprintf.o)
 .debug_abbrev  0x0000000000004950      0x2dc /usr/lib/gcc/arm-none-eabi/9.2.1/../../../arm-none-eabi/lib/thumb/v7e-m+fp/hard/libc_nano.a(lib_a-nano-vfprintf_i.o)
 .debug_abbrev  0x0000000000004c2c      0x29f /usr/lib/gcc/arm-none-eabi/9.2.1/../../../arm-none-eabi/lib/thumb/v7e-m+fp/hard/libc_nano.a(lib_a-printf.o)
 .debug_abbrev  0x0000000000004ecb      0x2de /usr/lib/gcc/arm-none-eabi/9.2.1/../../../arm-none-eabi/lib/thumb/v7e-m+fp/hard/libc_nano.a(lib_a-puts.o)
 .debug_abbrev  0x00000000000051a9      0x285 /usr/lib/gcc/arm-none-eabi/9.2.1/../../../arm-none-eabi/lib/thumb/v7e-m+fp/hard/libc_nano.a(lib_a-wbuf.o)
 .debug_abbrev  0x000000000000542e      0x23a /usr/lib/gcc/arm-none-eabi/9.2.1/../../../arm-none-eabi/lib/thumb/v7e-m+fp/hard/libc_nano.a(lib_a-wsetup.o)
 .debug_abbrev  0x0000000000005668      0x1cd /usr/lib/gcc/arm-none-eabi/9.2.1/../../../arm-none-eabi/lib/thumb/v7e-m+fp/hard/libc_nano.a(lib_a-abort.o)
 .debug_abbrev  0x0000000000005835      0x2e4 /usr/lib/gcc/arm-none-eabi/9.2.1/../../../arm-none-eabi/lib/thumb/v7e-m+fp/hard/libc_nano.a(lib_a-fflush.o)
 .debug_abbrev  0x0000000000005b19      0x3dc /usr/lib/gcc/arm-none-eabi/9.2.1/../../../arm-none-eabi/lib/thumb/v7e-m+fp/hard/libc_nano.a(lib_a-findfp.o)
 .debug_abbrev  0x0000000000005ef5      0x270 /usr/lib/gcc/arm-none-eabi/9.2.1/../../../arm-none-eabi/lib/thumb/v7e-m+fp/hard/libc_nano.a(lib_a-fvwrite.o)
 .debug_abbrev  0x0000000000006165      0x210 /usr/lib/gcc/arm-none-eabi/9.2.1/../../../arm-none-eabi/lib/thumb/v7e-m+fp/hard/libc_nano.a(lib_a-fwalk.o)
 .debug_abbrev  0x0000000000006375      0x2f6 /usr/lib/gcc/arm-none-eabi/9.2.1/../../../arm-none-eabi/lib/thumb/v7e-m+fp/hard/libc_nano.a(lib_a-makebuf.o)
 .debug_abbrev  0x000000000000666b       0x14 /usr/lib/gcc/arm-none-eabi/9.2.1/../../../arm-none-eabi/lib/thumb/v7e-m+fp/hard/libc_nano.a(lib_a-memchr.o)
 .debug_abbrev  0x000000000000667f       0x14 /usr/lib/gcc/arm-none-eabi/9.2.1/../../../arm-none-eabi/lib/thumb/v7e-m+fp/hard/libc_nano.a(lib_a-memcpy.o)
 .debug_abbrev  0x0000000000006693      0x1de /usr/lib/gcc/arm-none-eabi/9.2.1/../../../arm-none-eabi/lib/thumb/v7e-m+fp/hard/libc_nano.a(lib_a-memmove.o)
 .debug_abbrev  0x0000000000006871      0x286 /usr/lib/gcc/arm-none-eabi/9.2.1/../../../arm-none-eabi/lib/thumb/v7e-m+fp/hard/libc_nano.a(lib_a-nano-freer.o)
 .debug_abbrev  0x0000000000006af7      0x2d1 /usr/lib/gcc/arm-none-eabi/9.2.1/../../../arm-none-eabi/lib/thumb/v7e-m+fp/hard/libc_nano.a(lib_a-nano-mallocr.o)
 .debug_abbrev  0x0000000000006dc8      0x22a /usr/lib/gcc/arm-none-eabi/9.2.1/../../../arm-none-eabi/lib/thumb/v7e-m+fp/hard/libc_nano.a(lib_a-nano-reallocr.o)
 .debug_abbrev  0x0000000000006ff2      0x212 /usr/lib/gcc/arm-none-eabi/9.2.1/../../../arm-none-eabi/lib/thumb/v7e-m+fp/hard/libc_nano.a(lib_a-sbrkr.o)
 .debug_abbrev  0x0000000000007204      0x32d /usr/lib/gcc/arm-none-eabi/9.2.1/../../../arm-none-eabi/lib/thumb/v7e-m+fp/hard/libc_nano.a(lib_a-signal.o)
 .debug_abbrev  0x0000000000007531      0x217 /usr/lib/gcc/arm-none-eabi/9.2.1/../../../arm-none-eabi/lib/thumb/v7e-m+fp/hard/libc_nano.a(lib_a-signalr.o)
 .debug_abbrev  0x0000000000007748      0x26f /usr/lib/gcc/arm-none-eabi/9.2.1/../../../arm-none-eabi/lib/thumb/v7e-m+fp/hard/libc_nano.a(lib_a-stdio.o)
 .debug_abbrev  0x00000000000079b7      0x1ec /usr/lib/gcc/arm-none-eabi/9.2.1/../../../arm-none-eabi/lib/thumb/v7e-m+fp/hard/libc_nano.a(lib_a-writer.o)
 .debug_abbrev  0x0000000000007ba3      0x1e7 /usr/lib/gcc/arm-none-eabi/9.2.1/../../../arm-none-eabi/lib/thumb/v7e-m+fp/hard/libc_nano.a(lib_a-closer.o)
 .debug_abbrev  0x0000000000007d8a      0x1fb /usr/lib/gcc/arm-none-eabi/9.2.1/../../../arm-none-eabi/lib/thumb/v7e-m+fp/hard/libc_nano.a(lib_a-fstatr.o)
 .debug_abbrev  0x0000000000007f85      0x1e7 /usr/lib/gcc/arm-none-eabi/9.2.1/../../../arm-none-eabi/lib/thumb/v7e-m+fp/hard/libc_nano.a(lib_a-isattyr.o)
 .debug_abbrev  0x000000000000816c      0x1fb /usr/lib/gcc/arm-none-eabi/9.2.1/../../../arm-none-eabi/lib/thumb/v7e-m+fp/hard/libc_nano.a(lib_a-lseekr.o)
 .debug_abbrev  0x0000000000008367      0x1c5 /usr/lib/gcc/arm-none-eabi/9.2.1/../../../arm-none-eabi/lib/thumb/v7e-m+fp/hard/libc_nano.a(lib_a-mlock.o)
 .debug_abbrev  0x000000000000852c      0x1e5 /usr/lib/gcc/arm-none-eabi/9.2.1/../../../arm-none-eabi/lib/thumb/v7e-m+fp/hard/libc_nano.a(lib_a-nano-msizer.o)
 .debug_abbrev  0x0000000000008711      0x1e7 /usr/lib/gcc/arm-none-eabi/9.2.1/../../../arm-none-eabi/lib/thumb/v7e-m+fp/hard/libc_nano.a(lib_a-readr.o)
 .debug_abbrev  0x00000000000088f8      0x268 /usr/lib/gcc/arm-none-eabi/9.2.1/../../../arm-none-eabi/lib/thumb/v7e-m+fp/hard/libc_nano.a(lib_a-reent.o)
 .debug_abbrev  0x0000000000008b60      0x285 /usr/lib/gcc/arm-none-eabi/9.2.1/../../../arm-none-eabi/lib/thumb/v7e-m+fp/hard/libm.a(lib_a-sf_cos.o)
 .debug_abbrev  0x0000000000008de5      0x2bd /usr/lib/gcc/arm-none-eabi/9.2.1/../../../arm-none-eabi/lib/thumb/v7e-m+fp/hard/libm.a(lib_a-ef_rem_pio2.o)
 .debug_abbrev  0x00000000000090a2      0x246 /usr/lib/gcc/arm-none-eabi/9.2.1/../../../arm-none-eabi/lib/thumb/v7e-m+fp/hard/libm.a(lib_a-kf_cos.o)
 .debug_abbrev  0x00000000000092e8      0x2c1 /usr/lib/gcc/arm-none-eabi/9.2.1/../../../arm-none-eabi/lib/thumb/v7e-m+fp/hard/libm.a(lib_a-kf_rem_pio2.o)
 .debug_abbrev  0x00000000000095a9      0x25d /usr/lib/gcc/arm-none-eabi/9.2.1/../../../arm-none-eabi/lib/thumb/v7e-m+fp/hard/libm.a(lib_a-kf_sin.o)
 .debug_abbrev  0x0000000000009806      0x235 /usr/lib/gcc/arm-none-eabi/9.2.1/../../../arm-none-eabi/lib/thumb/v7e-m+fp/hard/libm.a(lib_a-sf_fabs.o)
 .debug_abbrev  0x0000000000009a3b      0x251 /usr/lib/gcc/arm-none-eabi/9.2.1/../../../arm-none-eabi/lib/thumb/v7e-m+fp/hard/libm.a(lib_a-sf_floor.o)
 .debug_abbrev  0x0000000000009c8c      0x25e /usr/lib/gcc/arm-none-eabi/9.2.1/../../../arm-none-eabi/lib/thumb/v7e-m+fp/hard/libm.a(lib_a-sf_scalbn.o)
 .debug_abbrev  0x0000000000009eea      0x1ea /usr/lib/gcc/arm-none-eabi/9.2.1/../../../arm-none-eabi/lib/thumb/v7e-m+fp/hard/libnosys.a(close.o)
 .debug_abbrev  0x000000000000a0d4      0x1fd /usr/lib/gcc/arm-none-eabi/9.2.1/../../../arm-none-eabi/lib/thumb/v7e-m+fp/hard/libnosys.a(fstat.o)
 .debug_abbrev  0x000000000000a2d1      0x1d6 /usr/lib/gcc/arm-none-eabi/9.2.1/../../../arm-none-eabi/lib/thumb/v7e-m+fp/hard/libnosys.a(getpid.o)
 .debug_abbrev  0x000000000000a4a7      0x1ea /usr/lib/gcc/arm-none-eabi/9.2.1/../../../arm-none-eabi/lib/thumb/v7e-m+fp/hard/libnosys.a(isatty.o)
 .debug_abbrev  0x000000000000a691      0x1fb /usr/lib/gcc/arm-none-eabi/9.2.1/../../../arm-none-eabi/lib/thumb/v7e-m+fp/hard/libnosys.a(kill.o)
 .debug_abbrev  0x000000000000a88c      0x20f /usr/lib/gcc/arm-none-eabi/9.2.1/../../../arm-none-eabi/lib/thumb/v7e-m+fp/hard/libnosys.a(lseek.o)
 .debug_abbrev  0x000000000000aa9b      0x20f /usr/lib/gcc/arm-none-eabi/9.2.1/../../../arm-none-eabi/lib/thumb/v7e-m+fp/hard/libnosys.a(read.o)